------------------------------------------------------------
TimeQuest Timing Analyzer Summary
------------------------------------------------------------

Type  : Slow 1200mV 85C Model Setup 'u0|altpll|sd1|pll7|clk[0]'
Slack : 0.141
TNS   : 0.000

Type  : Slow 1200mV 85C Model Setup 'CLOCK_50'
Slack : 11.605
TNS   : 0.000

Type  : Slow 1200mV 85C Model Setup 'u0|altpll_audio|sd1|pll7|clk[0]'
Slack : 20.832
TNS   : 0.000

Type  : Slow 1200mV 85C Model Setup 'altera_reserved_tck'
Slack : 46.117
TNS   : 0.000

Type  : Slow 1200mV 85C Model Hold 'u0|altpll|sd1|pll7|clk[0]'
Slack : 0.335
TNS   : 0.000

Type  : Slow 1200mV 85C Model Hold 'u0|altpll_audio|sd1|pll7|clk[0]'
Slack : 0.363
TNS   : 0.000

Type  : Slow 1200mV 85C Model Hold 'CLOCK_50'
Slack : 0.383
TNS   : 0.000

Type  : Slow 1200mV 85C Model Hold 'altera_reserved_tck'
Slack : 0.402
TNS   : 0.000

Type  : Slow 1200mV 85C Model Recovery 'u0|altpll|sd1|pll7|clk[0]'
Slack : 0.017
TNS   : 0.000

Type  : Slow 1200mV 85C Model Recovery 'CLOCK_50'
Slack : 13.269
TNS   : 0.000

Type  : Slow 1200mV 85C Model Recovery 'altera_reserved_tck'
Slack : 47.995
TNS   : 0.000

Type  : Slow 1200mV 85C Model Recovery 'u0|altpll_audio|sd1|pll7|clk[0]'
Slack : 48.114
TNS   : 0.000

Type  : Slow 1200mV 85C Model Removal 'u0|altpll_audio|sd1|pll7|clk[0]'
Slack : 1.016
TNS   : 0.000

Type  : Slow 1200mV 85C Model Removal 'altera_reserved_tck'
Slack : 1.021
TNS   : 0.000

Type  : Slow 1200mV 85C Model Removal 'u0|altpll|sd1|pll7|clk[0]'
Slack : 3.787
TNS   : 0.000

Type  : Slow 1200mV 85C Model Removal 'CLOCK_50'
Slack : 5.047
TNS   : 0.000

Type  : Slow 1200mV 85C Model Minimum Pulse Width 'u0|altpll|sd1|pll7|clk[0]'
Slack : 4.621
TNS   : 0.000

Type  : Slow 1200mV 85C Model Minimum Pulse Width 'CLOCK_50'
Slack : 9.676
TNS   : 0.000

Type  : Slow 1200mV 85C Model Minimum Pulse Width 'CLOCK2_50'
Slack : 16.000
TNS   : 0.000

Type  : Slow 1200mV 85C Model Minimum Pulse Width 'CLOCK3_50'
Slack : 16.000
TNS   : 0.000

Type  : Slow 1200mV 85C Model Minimum Pulse Width 'u0|altpll_audio|sd1|pll7|clk[0]'
Slack : 26.814
TNS   : 0.000

Type  : Slow 1200mV 85C Model Minimum Pulse Width 'altera_reserved_tck'
Slack : 49.549
TNS   : 0.000

Type  : Slow 1200mV 0C Model Setup 'u0|altpll|sd1|pll7|clk[0]'
Slack : 0.464
TNS   : 0.000

Type  : Slow 1200mV 0C Model Setup 'CLOCK_50'
Slack : 12.211
TNS   : 0.000

Type  : Slow 1200mV 0C Model Setup 'u0|altpll_audio|sd1|pll7|clk[0]'
Slack : 21.355
TNS   : 0.000

Type  : Slow 1200mV 0C Model Setup 'altera_reserved_tck'
Slack : 46.555
TNS   : 0.000

Type  : Slow 1200mV 0C Model Hold 'CLOCK_50'
Slack : 0.336
TNS   : 0.000

Type  : Slow 1200mV 0C Model Hold 'u0|altpll_audio|sd1|pll7|clk[0]'
Slack : 0.338
TNS   : 0.000

Type  : Slow 1200mV 0C Model Hold 'u0|altpll|sd1|pll7|clk[0]'
Slack : 0.338
TNS   : 0.000

Type  : Slow 1200mV 0C Model Hold 'altera_reserved_tck'
Slack : 0.354
TNS   : 0.000

Type  : Slow 1200mV 0C Model Recovery 'u0|altpll|sd1|pll7|clk[0]'
Slack : 0.550
TNS   : 0.000

Type  : Slow 1200mV 0C Model Recovery 'CLOCK_50'
Slack : 13.996
TNS   : 0.000

Type  : Slow 1200mV 0C Model Recovery 'altera_reserved_tck'
Slack : 48.290
TNS   : 0.000

Type  : Slow 1200mV 0C Model Recovery 'u0|altpll_audio|sd1|pll7|clk[0]'
Slack : 48.758
TNS   : 0.000

Type  : Slow 1200mV 0C Model Removal 'u0|altpll_audio|sd1|pll7|clk[0]'
Slack : 0.922
TNS   : 0.000

Type  : Slow 1200mV 0C Model Removal 'altera_reserved_tck'
Slack : 0.925
TNS   : 0.000

Type  : Slow 1200mV 0C Model Removal 'u0|altpll|sd1|pll7|clk[0]'
Slack : 3.436
TNS   : 0.000

Type  : Slow 1200mV 0C Model Removal 'CLOCK_50'
Slack : 4.604
TNS   : 0.000

Type  : Slow 1200mV 0C Model Minimum Pulse Width 'u0|altpll|sd1|pll7|clk[0]'
Slack : 4.654
TNS   : 0.000

Type  : Slow 1200mV 0C Model Minimum Pulse Width 'CLOCK_50'
Slack : 9.690
TNS   : 0.000

Type  : Slow 1200mV 0C Model Minimum Pulse Width 'CLOCK2_50'
Slack : 16.000
TNS   : 0.000

Type  : Slow 1200mV 0C Model Minimum Pulse Width 'CLOCK3_50'
Slack : 16.000
TNS   : 0.000

Type  : Slow 1200mV 0C Model Minimum Pulse Width 'u0|altpll_audio|sd1|pll7|clk[0]'
Slack : 26.807
TNS   : 0.000

Type  : Slow 1200mV 0C Model Minimum Pulse Width 'altera_reserved_tck'
Slack : 49.479
TNS   : 0.000

Type  : Fast 1200mV 0C Model Setup 'u0|altpll|sd1|pll7|clk[0]'
Slack : 2.591
TNS   : 0.000

Type  : Fast 1200mV 0C Model Setup 'CLOCK_50'
Slack : 15.720
TNS   : 0.000

Type  : Fast 1200mV 0C Model Setup 'u0|altpll_audio|sd1|pll7|clk[0]'
Slack : 24.045
TNS   : 0.000

Type  : Fast 1200mV 0C Model Setup 'altera_reserved_tck'
Slack : 48.484
TNS   : 0.000

Type  : Fast 1200mV 0C Model Hold 'u0|altpll|sd1|pll7|clk[0]'
Slack : 0.136
TNS   : 0.000

Type  : Fast 1200mV 0C Model Hold 'u0|altpll_audio|sd1|pll7|clk[0]'
Slack : 0.154
TNS   : 0.000

Type  : Fast 1200mV 0C Model Hold 'CLOCK_50'
Slack : 0.173
TNS   : 0.000

Type  : Fast 1200mV 0C Model Hold 'altera_reserved_tck'
Slack : 0.179
TNS   : 0.000

Type  : Fast 1200mV 0C Model Recovery 'u0|altpll|sd1|pll7|clk[0]'
Slack : 2.335
TNS   : 0.000

Type  : Fast 1200mV 0C Model Recovery 'CLOCK_50'
Slack : 16.339
TNS   : 0.000

Type  : Fast 1200mV 0C Model Recovery 'altera_reserved_tck'
Slack : 49.321
TNS   : 0.000

Type  : Fast 1200mV 0C Model Recovery 'u0|altpll_audio|sd1|pll7|clk[0]'
Slack : 50.951
TNS   : 0.000

Type  : Fast 1200mV 0C Model Removal 'u0|altpll_audio|sd1|pll7|clk[0]'
Slack : 0.485
TNS   : 0.000

Type  : Fast 1200mV 0C Model Removal 'altera_reserved_tck'
Slack : 0.487
TNS   : 0.000

Type  : Fast 1200mV 0C Model Removal 'u0|altpll|sd1|pll7|clk[0]'
Slack : 1.971
TNS   : 0.000

Type  : Fast 1200mV 0C Model Removal 'CLOCK_50'
Slack : 2.602
TNS   : 0.000

Type  : Fast 1200mV 0C Model Minimum Pulse Width 'u0|altpll|sd1|pll7|clk[0]'
Slack : 4.745
TNS   : 0.000

Type  : Fast 1200mV 0C Model Minimum Pulse Width 'CLOCK_50'
Slack : 9.241
TNS   : 0.000

Type  : Fast 1200mV 0C Model Minimum Pulse Width 'CLOCK2_50'
Slack : 16.000
TNS   : 0.000

Type  : Fast 1200mV 0C Model Minimum Pulse Width 'CLOCK3_50'
Slack : 16.000
TNS   : 0.000

Type  : Fast 1200mV 0C Model Minimum Pulse Width 'u0|altpll_audio|sd1|pll7|clk[0]'
Slack : 26.887
TNS   : 0.000

Type  : Fast 1200mV 0C Model Minimum Pulse Width 'altera_reserved_tck'
Slack : 49.302
TNS   : 0.000

------------------------------------------------------------
