Archive member included because of file (symbol)

c:/altera/10.0/nios2eds/bin/gnu/h-i686-mingw32/bin/../lib/gcc/nios2-elf/4.1.2\libgcc.a(_mul_sf.o)
                              obj/default/terasic_fat/FatFileSystem.o (__mulsf3)
c:/altera/10.0/nios2eds/bin/gnu/h-i686-mingw32/bin/../lib/gcc/nios2-elf/4.1.2\libgcc.a(_div_sf.o)
                              obj/default/terasic_fat/FatFileSystem.o (__divsf3)
c:/altera/10.0/nios2eds/bin/gnu/h-i686-mingw32/bin/../lib/gcc/nios2-elf/4.1.2\libgcc.a(_sf_to_df.o)
                              obj/default/terasic_fat/FatFileSystem.o (__extendsfdf2)
c:/altera/10.0/nios2eds/bin/gnu/h-i686-mingw32/bin/../lib/gcc/nios2-elf/4.1.2\libgcc.a(_thenan_sf.o)
                              c:/altera/10.0/nios2eds/bin/gnu/h-i686-mingw32/bin/../lib/gcc/nios2-elf/4.1.2\libgcc.a(_mul_sf.o) (__thenan_sf)
c:/altera/10.0/nios2eds/bin/gnu/h-i686-mingw32/bin/../lib/gcc/nios2-elf/4.1.2\libgcc.a(_usi_to_sf.o)
                              obj/default/terasic_fat/FatFileSystem.o (__floatunsisf)
c:/altera/10.0/nios2eds/bin/gnu/h-i686-mingw32/bin/../lib/gcc/nios2-elf/4.1.2\libgcc.a(_div_df.o)
                              obj/default/terasic_fat/FatFileSystem.o (__divdf3)
c:/altera/10.0/nios2eds/bin/gnu/h-i686-mingw32/bin/../lib/gcc/nios2-elf/4.1.2\libgcc.a(_make_df.o)
                              c:/altera/10.0/nios2eds/bin/gnu/h-i686-mingw32/bin/../lib/gcc/nios2-elf/4.1.2\libgcc.a(_sf_to_df.o) (__make_dp)
c:/altera/10.0/nios2eds/bin/gnu/h-i686-mingw32/bin/../lib/gcc/nios2-elf/4.1.2\libgcc.a(_df_to_sf.o)
                              obj/default/terasic_fat/FatFileSystem.o (__truncdfsf2)
c:/altera/10.0/nios2eds/bin/gnu/h-i686-mingw32/bin/../lib/gcc/nios2-elf/4.1.2\libgcc.a(_thenan_df.o)
                              c:/altera/10.0/nios2eds/bin/gnu/h-i686-mingw32/bin/../lib/gcc/nios2-elf/4.1.2\libgcc.a(_div_df.o) (__thenan_df)
c:/altera/10.0/nios2eds/bin/gnu/h-i686-mingw32/bin/../lib/gcc/nios2-elf/4.1.2\libgcc.a(lib2-divmod.o)
                              obj/default/main.o (__udivsi3)
c:/altera/10.0/nios2eds/bin/gnu/h-i686-mingw32/bin/../lib/gcc/nios2-elf/4.1.2\libgcc.a(_muldi3.o)
                              c:/altera/10.0/nios2eds/bin/gnu/h-i686-mingw32/bin/../lib/gcc/nios2-elf/4.1.2\libgcc.a(_mul_sf.o) (__muldi3)
c:/altera/10.0/nios2eds/bin/gnu/h-i686-mingw32/bin/../lib/gcc/nios2-elf/4.1.2\libgcc.a(_clzsi2.o)
                              c:/altera/10.0/nios2eds/bin/gnu/h-i686-mingw32/bin/../lib/gcc/nios2-elf/4.1.2\libgcc.a(_usi_to_sf.o) (__clzsi2)
c:/altera/10.0/nios2eds/bin/gnu/h-i686-mingw32/bin/../lib/gcc/nios2-elf/4.1.2\libgcc.a(_pack_sf.o)
                              c:/altera/10.0/nios2eds/bin/gnu/h-i686-mingw32/bin/../lib/gcc/nios2-elf/4.1.2\libgcc.a(_mul_sf.o) (__pack_f)
c:/altera/10.0/nios2eds/bin/gnu/h-i686-mingw32/bin/../lib/gcc/nios2-elf/4.1.2\libgcc.a(_unpack_sf.o)
                              c:/altera/10.0/nios2eds/bin/gnu/h-i686-mingw32/bin/../lib/gcc/nios2-elf/4.1.2\libgcc.a(_mul_sf.o) (__unpack_f)
c:/altera/10.0/nios2eds/bin/gnu/h-i686-mingw32/bin/../lib/gcc/nios2-elf/4.1.2\libgcc.a(_make_sf.o)
                              c:/altera/10.0/nios2eds/bin/gnu/h-i686-mingw32/bin/../lib/gcc/nios2-elf/4.1.2\libgcc.a(_df_to_sf.o) (__make_fp)
c:/altera/10.0/nios2eds/bin/gnu/h-i686-mingw32/bin/../lib/gcc/nios2-elf/4.1.2\libgcc.a(_pack_df.o)
                              c:/altera/10.0/nios2eds/bin/gnu/h-i686-mingw32/bin/../lib/gcc/nios2-elf/4.1.2\libgcc.a(_div_df.o) (__pack_d)
c:/altera/10.0/nios2eds/bin/gnu/h-i686-mingw32/bin/../lib/gcc/nios2-elf/4.1.2\libgcc.a(_unpack_df.o)
                              c:/altera/10.0/nios2eds/bin/gnu/h-i686-mingw32/bin/../lib/gcc/nios2-elf/4.1.2\libgcc.a(_div_df.o) (__unpack_d)
c:/altera/10.0/nios2eds/bin/gnu/h-i686-mingw32/bin/../lib/gcc/nios2-elf/4.1.2\libgcc.a(_clz.o)
                              c:/altera/10.0/nios2eds/bin/gnu/h-i686-mingw32/bin/../lib/gcc/nios2-elf/4.1.2\libgcc.a(_clzsi2.o) (__clz_tab)
c:/altera/10.0/nios2eds/bin/gnu/h-i686-mingw32/bin/../lib/gcc/nios2-elf/4.1.2/../../../../nios2-elf/lib\libc.a(lib_a-fclose.o)
                              obj/default/terasic_lib/LCD.o (fclose)
c:/altera/10.0/nios2eds/bin/gnu/h-i686-mingw32/bin/../lib/gcc/nios2-elf/4.1.2/../../../../nios2-elf/lib\libc.a(lib_a-fflush.o)
                              c:/altera/10.0/nios2eds/bin/gnu/h-i686-mingw32/bin/../lib/gcc/nios2-elf/4.1.2/../../../../nios2-elf/lib\libc.a(lib_a-fclose.o) (_fflush_r)
c:/altera/10.0/nios2eds/bin/gnu/h-i686-mingw32/bin/../lib/gcc/nios2-elf/4.1.2/../../../../nios2-elf/lib\libc.a(lib_a-findfp.o)
                              c:/altera/10.0/nios2eds/bin/gnu/h-i686-mingw32/bin/../lib/gcc/nios2-elf/4.1.2/../../../../nios2-elf/lib\libc.a(lib_a-fclose.o) (__sfp_lock_acquire)
c:/altera/10.0/nios2eds/bin/gnu/h-i686-mingw32/bin/../lib/gcc/nios2-elf/4.1.2/../../../../nios2-elf/lib\libc.a(lib_a-fopen.o)
                              obj/default/terasic_lib/LCD.o (fopen)
[...]
Memory Configuration

Name             Origin             Length             Attributes
av_tri_s1_cfi_flash_0 0x02800000         0x00800000
reset            0x03040000         0x00000020
onchip_memory2   0x03040020         0x0003ffe0
*default*        0x00000000         0xffffffff

Linker script and memory map

LOAD ../DE2_115_SD_Card_Audio_Player_bsp//obj/HAL/src/crt0.o
LOAD obj/default/main.o
LOAD obj/default/terasic_fat/FatFileSystem.o
LOAD obj/default/terasic_fat/FatInternal.o
LOAD obj/default/terasic_lib/AUDIO.o
LOAD obj/default/terasic_lib/I2C.o
LOAD obj/default/terasic_lib/LCD.o
LOAD obj/default/terasic_lib/LED.o
LOAD obj/default/terasic_lib/SEG7.o
LOAD obj/default/terasic_lib/WaveLib.o
LOAD obj/default/terasic_lib/debug.o
LOAD obj/default/terasic_sdcard/crc16.o
LOAD obj/default/terasic_sdcard/crc7.o
LOAD obj/default/terasic_sdcard/sd_hal.o
LOAD obj/default/terasic_sdcard/sd_lib.o
LOAD obj/default/terasic_sdcard/sd_protocol.o
LOAD c:/altera/10.0/nios2eds/bin/gnu/h-i686-mingw32/bin/../lib/gcc/nios2-elf/4.1.2/../../../../nios2-elf/lib\libstdc++.a
LOAD c:/altera/10.0/nios2eds/bin/gnu/h-i686-mingw32/bin/../lib/gcc/nios2-elf/4.1.2/../../../../nios2-elf/lib\libm.a
LOAD c:/altera/10.0/nios2eds/bin/gnu/h-i686-mingw32/bin/../lib/gcc/nios2-elf/4.1.2\libgcc.a
START GROUP
LOAD c:/altera/10.0/nios2eds/bin/gnu/h-i686-mingw32/bin/../lib/gcc/nios2-elf/4.1.2/../../../../nios2-elf/lib\libc.a
LOAD c:/altera/10.0/nios2eds/bin/gnu/h-i686-mingw32/bin/../lib/gcc/nios2-elf/4.1.2\libgcc.a
LOAD ../DE2_115_SD_Card_Audio_Player_bsp/\libhal_bsp.a
END GROUP
LOAD c:/altera/10.0/nios2eds/bin/gnu/h-i686-mingw32/bin/../lib/gcc/nios2-elf/4.1.2\libgcc.a
                0x02800000                __alt_mem_av_tri_s1_cfi_flash_0 = 0x2800000
                0x03040000                __alt_mem_onchip_memory2 = 0x3040000

.entry          0x03040000       0x20
 *(.entry)
 .entry         0x03040000       0x20 ../DE2_115_SD_Card_Audio_Player_bsp//obj/HAL/src/crt0.o
                0x03040000                __reset

.exceptions     0x03040020      0x1a4
                0x03040020                PROVIDE (__ram_exceptions_start, <code 341> (.))
                0x03040020                . = ALIGN (0x20)
 *(.irq)
 *(.exceptions.entry.label)
 .exceptions.entry.label
                0x03040020        0x0 ../DE2_115_SD_Card_Audio_Player_bsp/\libhal_bsp.a(alt_irq_entry.o)
                0x03040020                alt_irq_entry
 .exceptions.entry.label
                0x03040020        0x0 ../DE2_115_SD_Card_Audio_Player_bsp/\libhal_bsp.a(alt_exception_entry.o)
                0x03040020                alt_exception
 *(.exceptions.entry.user)
 *(.exceptions.entry)
 .exceptions.entry
                0x03040020       0x54 ../DE2_115_SD_Card_Audio_Player_bsp/\libhal_bsp.a(alt_exception_entry.o)
 *(.exceptions.irqtest.user)
 *(.exceptions.irqtest)
 .exceptions.irqtest
                0x03040074       0x10 ../DE2_115_SD_Card_Audio_Player_bsp/\libhal_bsp.a(alt_irq_entry.o)
 *(.exceptions.irqhandler.user)
 *(.exceptions.irqhandler)
 .exceptions.irqhandler
                0x03040084        0x4 ../DE2_115_SD_Card_Audio_Player_bsp/\libhal_bsp.a(alt_irq_entry.o)
 *(.exceptions.irqreturn.user)
 *(.exceptions.irqreturn)
 .exceptions.irqreturn
                0x03040088        0x4 ../DE2_115_SD_Card_Audio_Player_bsp/\libhal_bsp.a(alt_irq_entry.o)
 *(.exceptions.notirq.label)
 .exceptions.notirq.label
                0x0304008c        0x0 ../DE2_115_SD_Card_Audio_Player_bsp/\libhal_bsp.a(alt_irq_entry.o)
 *(.exceptions.notirq.user)
 *(.exceptions.notirq)
 .exceptions.notirq
                0x0304008c        0x8 ../DE2_115_SD_Card_Audio_Player_bsp/\libhal_bsp.a(alt_exception_entry.o)
 *(.exceptions.soft.user)
 *(.exceptions.soft)
 *(.exceptions.unknown.user)
 *(.exceptions.unknown)
 .exceptions.unknown
                0x03040094        0x4 ../DE2_115_SD_Card_Audio_Player_bsp/\libhal_bsp.a(alt_exception_entry.o)
 *(.exceptions.exit.label)
 .exceptions.exit.label
                0x03040098        0x0 ../DE2_115_SD_Card_Audio_Player_bsp/\libhal_bsp.a(alt_irq_entry.o)
 .exceptions.exit.label
                0x03040098        0x0 ../DE2_115_SD_Card_Audio_Player_bsp/\libhal_bsp.a(alt_exception_entry.o)
 *(.exceptions.exit.user)
 *(.exceptions.exit)
 .exceptions.exit
                0x03040098       0x54 ../DE2_115_SD_Card_Audio_Player_bsp/\libhal_bsp.a(alt_exception_entry.o)
 *(.exceptions)
 .exceptions    0x030400ec       0xd8 ../DE2_115_SD_Card_Audio_Player_bsp/\libhal_bsp.a(alt_irq_handler.o)
                0x030400ec                alt_irq_handler
                0x030401c4                PROVIDE (__ram_exceptions_end, <code 341> (.))
                0x03040020                PROVIDE (__flash_exceptions_start, LOADADDR (.exceptions))

.text           0x030401c4    0x197f4
                0x030401c4                PROVIDE (stext, <code 341> (.))
 *(.interp)
 *(.hash)
 *(.dynsym)
 *(.dynstr)
 *(.gnu.version)
 *(.gnu.version_d)
 *(.gnu.version_r)
 *(.rel.init)
 *(.rela.init)
 *(.rel.text .rel.text.* .rel.gnu.linkonce.t.*)
 *(.rela.text .rela.text.* .rela.gnu.linkonce.t.*)
 *(.rel.fini)
 *(.rela.fini)
 *(.rel.rodata .rel.rodata.* .rel.gnu.linkonce.r.*)
 *(.rela.rodata .rela.rodata.* .rela.gnu.linkonce.r.*)
 *(.rel.data .rel.data.* .rel.gnu.linkonce.d.*)
 *(.rela.data .rela.data.* .rela.gnu.linkonce.d.*)
 *(.rel.tdata .rel.tdata.* .rel.gnu.linkonce.td.*)
 *(.rela.tdata .rela.tdata.* .rela.gnu.linkonce.td.*)
 *(.rel.tbss .rel.tbss.* .rel.gnu.linkonce.tb.*)
 *(.rela.tbss .rela.tbss.* .rela.gnu.linkonce.tb.*)
 *(.rel.ctors)
 *(.rela.ctors)
 *(.rel.dtors)
 *(.rela.dtors)
 *(.rel.got)
 *(.rela.got)
 *(.rel.sdata .rel.sdata.* .rel.gnu.linkonce.s.*)
 *(.rela.sdata .rela.sdata.* .rela.gnu.linkonce.s.*)
 *(.rel.sbss .rel.sbss.* .rel.gnu.linkonce.sb.*)
 *(.rela.sbss .rela.sbss.* .rela.gnu.linkonce.sb.*)
 *(.rel.sdata2 .rel.sdata2.* .rel.gnu.linkonce.s2.*)
 *(.rela.sdata2 .rela.sdata2.* .rela.gnu.linkonce.s2.*)
 *(.rel.sbss2 .rel.sbss2.* .rel.gnu.linkonce.sb2.*)
 *(.rela.sbss2 .rela.sbss2.* .rela.gnu.linkonce.sb2.*)
 *(.rel.bss .rel.bss.* .rel.gnu.linkonce.b.*)
 *(.rela.bss .rela.bss.* .rela.gnu.linkonce.b.*)
 *(.rel.plt)
 *(.rela.plt)
 *(.rel.dyn)
 *(.init)
 *(.plt)
 *(.text .stub .text.* .gnu.linkonce.t.*)
 .text          0x030401c4       0x4c ../DE2_115_SD_Card_Audio_Player_bsp//obj/HAL/src/crt0.o
                0x030401c4                _start
 .text          0x03040210     0x19dc obj/default/main.o
                0x03040490                led_display_count
                0x03040fcc                waveplay_stop
                0x03040314                update_status
                0x03040564                is_supporrted_sample_rate
                0x030404c0                wait_sdcard_insert
                0x0304042c                lcd_display
                0x03040c94                waveplay_execute
                0x03040404                lcd_open
                0x03040460                led_display
                0x03040210                welcome_display
                0x03041814                main
                0x03041550                Fat_Test
                0x030411e0                IRDA_init
                0x03040fe8                handle_key
                0x03040608                build_wave_play_list
                0x03041234                handle_IrDA
                0x03040a18                waveplay_start
                0x03040278                demo_introduce
                0x030403b0                DisplayTime
 .text          0x03041bec     0x150c obj/default/terasic_fat/FatFileSystem.o
                0x03041d10                Fat_FileBrowseBegin
                0x03041d8c                Fat_FileBrowseNext
                0x03042564                Fat_FileExist
                0x03042614                Fat_FileOpen
                0x03041bec                Fat_Mount
                0x03042e98                Fat_FileClose
                0x03042284                Fat_FileCount
                0x0304284c                Fat_FileSize
                0x0304289c                Fat_FileRead
                0x03042edc                Fat_SpeedTest
                0x03042d74                Fat_FileSeek
                0x0304238c                fatComposeShortFilename
                0x03041c80                Fat_Type
                0x030422ec                fatSameLongFilename
                0x03041c34                Fat_Unmount
 .text          0x030430f8     0x1820 obj/default/terasic_fat/FatInternal.o
                0x03043890                fatIsValidDir
                0x03043284                fatNextCluster
                0x03044368                fatMount
                0x03043938                fatIsUnusedDir
                0x03044734                SD_ReadBlock512
                0x03043554                fatDelClusterList
                0x03044254                fatFindUnusedDirectory
                0x030441b4                fatFindDirectory
                0x03044124                fatReadSecter
                0x03043988                fatDump
                0x03043738                fatDumpDate
                0x03044770                SD_WriteBlock512
                0x03044098                fatArray2Value
                0x030431b0                fat32ClusterType
                0x030430f8                fat16ClusterType
                0x030437bc                fatDumpTime
                0x030447ac                fatMountSdcard
                0x030433dc                fatFindUnusedCluster
                0x03043840                fatIsLastDir
 .text          0x03044918      0xd98 obj/default/terasic_lib/AUDIO.o
                0x03044918                AUDIO_Init
                0x03044b94                AUDIO_AdcEnableHighPassFilter
                0x03045464                aduio_RegWrite
                0x03045684                AUDIO_FifoClear
                0x03045630                AUDIO_AdcFifoGetData
                0x0304534c                AUDIO_EnableByPass
                0x03045114                AUDIO_SetLineInVol
                0x03044cc4                AUDIO_DacEnableZeroCross
                0x03044b1c                AUDIO_MicBoost
                0x030453d8                AUDIO_EnableSiteTone
                0x03044da4                AUDIO_DacEnableSoftMute
                0x03044c0c                AUDIO_DacDeemphasisControl
                0x03044f9c                AUDIO_SetInputSource
                0x03044adc                AUDIO_InterfaceActive
                0x03044ebc                AUDIO_LineInMute
                0x03044e30                AUDIO_MicMute
                0x030455f8                AUDIO_AdcFifoNotEmpty
                0x030455b4                AUDIO_DacFifoSetData
                0x03045028                AUDIO_SetSampleRate
                0x03045230                AUDIO_SetLineOutVol
                0x03045560                AUDIO_DacFifoNotFull
 .text          0x030456b0      0x718 obj/default/terasic_lib/I2C.o
                0x030457ac                I2C_Read
                0x03045b58                i2c_write
                0x030458d4                I2C_MultipleRead
                0x030456b0                I2C_Write
                0x03045a58                i2c_start
                0x03045ae0                i2c_stop
                0x03045c7c                i2c_read
 .text          0x03045dc8      0x184 obj/default/terasic_lib/LCD.o
                0x03045e88                LCD_Clear
                0x03045e24                LCD_TextOut
                0x03045f10                LCD_Close
                0x03045dc8                LCD_Open
 .text          0x03045f4c      0x12c obj/default/terasic_lib/LED.o
                0x03045f78                LED_AllOff
                0x03045fa4                LED_Display
                0x03045f4c                LED_AllOn
                0x03045ff4                LED_LightCount
 .text          0x03046078      0x2ec obj/default/terasic_lib/SEG7.o
                0x03046078                SEG7_Clear
                0x03046138                SEG7_Number
                0x030460d4                SEG7_Full
                0x03046280                SEG7_Decimal
                0x030461b0                SEG7_Hex
 .text          0x03046364      0x574 obj/default/terasic_lib/WaveLib.o
                0x03046874                Wave_GetWaveOffset
                0x03046364                waveGetChunkOffset
                0x03046498                WAVE_IsWaveFile
                0x030467d8                Wave_GetDataByteSize
                0x030466c8                Wave_GetChannelNum
                0x03046620                Wave_GetSampleRate
                0x03046750                Wave_GetSampleBitNum
 .text          0x030468d8      0x194 obj/default/terasic_lib/debug.o
                0x03046908                myprintf
                0x03046968                myprintf_hexarray
                0x030468d8                debug_output
                0x030469e8                myprintf_dwordarray
 .text          0x03046a6c       0xa8 obj/default/terasic_sdcard/crc16.o
                0x03046a6c                crc16
 .text          0x03046b14       0xc0 obj/default/terasic_sdcard/crc7.o
                0x03046b14                crc7_byte
                0x03046b60                crc7
 .text          0x03046bd4      0x7b4 obj/default/terasic_sdcard/sd_hal.o
                0x03046bd4                SDHAL_IsSupport4Bits
                0x03046d58                SDHAL_GetResponse
                0x03046c64                SDHAL_SendCmd
                0x03046ff8                SDHAL_ReadData
                0x0304732c                SDHAL_DummyClock
                0x03046c00                SDHAL_Init
                0x03047150                SDHAL_WriteData
 .text          0x03047388      0x4c0 obj/default/terasic_sdcard/sd_lib.o
                0x030477b8                SDLIB_WriteBlock512
                0x03047388                SDLIB_Init
                0x03047728                SDLIB_ReadBlock512
 .text          0x03047848     0x16f4 obj/default/terasic_sdcard/sd_protocol.o
                0x03048ca0                SD_CMD24
                0x03047dd0                SD_CMD2
                0x03048980                SD_ACMD42
                0x030484c0                SD_CMD7
                0x03048648                SD_CMD16
                0x03048ec4                ArrayToU32
                0x03047898                SD_CMD0
                0x03047848                SD_Init
                0x03048e84                SD_WriteData
                0x030487e8                SD_ACMD6
                0x03047870                SD_IsSupport4Bits
                0x03047c2c                SD_ACMD41
                0x03047918                SD_CMD8
                0x03047aa8                SD_CMD55
                0x030482ec                SD_CMD10
                0x03048118                SD_CMD9
                0x03048afc                SD_CMD17
                0x03048e44                SD_ReadData
                0x03047f74                SD_CMD3
 .text          0x03048f3c      0x1e0 c:/altera/10.0/nios2eds/bin/gnu/h-i686-mingw32/bin/../lib/gcc/nios2-elf/4.1.2\libgcc.a(_mul_sf.o)
                0x03048f3c                __mulsf3
 .text          0x0304911c      0x178 c:/altera/10.0/nios2eds/bin/gnu/h-i686-mingw32/bin/../lib/gcc/nios2-elf/4.1.2\libgcc.a(_div_sf.o)
                0x0304911c                __divsf3
 .text          0x03049294       0x54 c:/altera/10.0/nios2eds/bin/gnu/h-i686-mingw32/bin/../lib/gcc/nios2-elf/4.1.2\libgcc.a(_sf_to_df.o)
                0x03049294                __extendsfdf2
 .text          0x030492e8        0x0 c:/altera/10.0/nios2eds/bin/gnu/h-i686-mingw32/bin/../lib/gcc/nios2-elf/4.1.2\libgcc.a(_thenan_sf.o)
 .text          0x030492e8       0xc0 c:/altera/10.0/nios2eds/bin/gnu/h-i686-mingw32/bin/../lib/gcc/nios2-elf/4.1.2\libgcc.a(_usi_to_sf.o)
                0x030492e8                __floatunsisf
 .text          0x030493a8      0x25c c:/altera/10.0/nios2eds/bin/gnu/h-i686-mingw32/bin/../lib/gcc/nios2-elf/4.1.2\libgcc.a(_div_df.o)
                0x030493a8                __divdf3
 .text          0x03049604       0x38 c:/altera/10.0/nios2eds/bin/gnu/h-i686-mingw32/bin/../lib/gcc/nios2-elf/4.1.2\libgcc.a(_make_df.o)
                0x03049604                __make_dp
 .text          0x0304963c       0x74 c:/altera/10.0/nios2eds/bin/gnu/h-i686-mingw32/bin/../lib/gcc/nios2-elf/4.1.2\libgcc.a(_df_to_sf.o)
                0x0304963c                __truncdfsf2
 .text          0x030496b0        0x0 c:/altera/10.0/nios2eds/bin/gnu/h-i686-mingw32/bin/../lib/gcc/nios2-elf/4.1.2\libgcc.a(_thenan_df.o)
 .text          0x030496b0      0x14c c:/altera/10.0/nios2eds/bin/gnu/h-i686-mingw32/bin/../lib/gcc/nios2-elf/4.1.2\libgcc.a(lib2-divmod.o)
                0x030497ec                __udivsi3
                0x030497f4                __umodsi3
                0x0304972c                __divsi3
                0x0304978c                __modsi3
 .text          0x030497fc       0x9c c:/altera/10.0/nios2eds/bin/gnu/h-i686-mingw32/bin/../lib/gcc/nios2-elf/4.1.2\libgcc.a(_muldi3.o)
                0x030497fc                __muldi3
 .text          0x03049898       0x80 c:/altera/10.0/nios2eds/bin/gnu/h-i686-mingw32/bin/../lib/gcc/nios2-elf/4.1.2\libgcc.a(_clzsi2.o)
                0x03049898                __clzsi2
 .text          0x03049918      0x160 c:/altera/10.0/nios2eds/bin/gnu/h-i686-mingw32/bin/../lib/gcc/nios2-elf/4.1.2\libgcc.a(_pack_sf.o)
                0x03049918                __pack_f
 .text          0x03049a78       0xc8 c:/altera/10.0/nios2eds/bin/gnu/h-i686-mingw32/bin/../lib/gcc/nios2-elf/4.1.2\libgcc.a(_unpack_sf.o)
                0x03049a78                __unpack_f
 .text          0x03049b40       0x2c c:/altera/10.0/nios2eds/bin/gnu/h-i686-mingw32/bin/../lib/gcc/nios2-elf/4.1.2\libgcc.a(_make_sf.o)
                0x03049b40                __make_fp
 .text          0x03049b6c      0x318 c:/altera/10.0/nios2eds/bin/gnu/h-i686-mingw32/bin/../lib/gcc/nios2-elf/4.1.2\libgcc.a(_pack_df.o)
                0x03049b6c                __pack_d
 .text          0x03049e84      0x140 c:/altera/10.0/nios2eds/bin/gnu/h-i686-mingw32/bin/../lib/gcc/nios2-elf/4.1.2\libgcc.a(_unpack_df.o)
                0x03049e84                __unpack_d
 .text          0x03049fc4        0x0 c:/altera/10.0/nios2eds/bin/gnu/h-i686-mingw32/bin/../lib/gcc/nios2-elf/4.1.2\libgcc.a(_clz.o)
 .text          0x03049fc4      0x124 c:/altera/10.0/nios2eds/bin/gnu/h-i686-mingw32/bin/../lib/gcc/nios2-elf/4.1.2/../../../../nios2-elf/lib\libc.a(lib_a-fclose.o)
                0x03049fc4                _fclose_r
                0x0304a0d4                fclose
 .text          0x0304a0e8      0x230 c:/altera/10.0/nios2eds/bin/gnu/h-i686-mingw32/bin/../lib/gcc/nios2-elf/4.1.2/../../../../nios2-elf/lib\libc.a(lib_a-fflush.o)
                0x0304a2e4                fflush
                0x0304a0e8                _fflush_r
 .text          0x0304a318      0x2c0 c:/altera/10.0/nios2eds/bin/gnu/h-i686-mingw32/bin/../lib/gcc/nios2-elf/4.1.2/../../../../nios2-elf/lib\libc.a(lib_a-findfp.o)
                0x0304a380                __sinit
                0x0304a480                __sfmoreglue
                0x0304a470                _cleanup
                0x0304a464                _cleanup_r
                0x0304a44c                __fp_lock_all
                0x0304a370                __sfp_lock_acquire
                0x0304a4e8                __sfp
                0x0304a37c                __sinit_lock_release
                0x0304a434                __fp_unlock_all
                0x0304a374                __sfp_lock_release
                0x0304a378                __sinit_lock_acquire
 .text          0x0304a5d8      0x110 c:/altera/10.0/nios2eds/bin/gnu/h-i686-mingw32/bin/../lib/gcc/nios2-elf/4.1.2/../../../../nios2-elf/lib\libc.a(lib_a-fopen.o)
                0x0304a6cc                fopen
                0x0304a5d8                _fopen_r
 .text          0x0304a6e8      0x440 c:/altera/10.0/nios2eds/bin/gnu/h-i686-mingw32/bin/../lib/gcc/nios2-elf/4.1.2/../../../../nios2-elf/lib\libc.a(lib_a-freer.o)
                0x0304a814                _free_r
                0x0304a6e8                _malloc_trim_r
 .text          0x0304ab28      0x460 c:/altera/10.0/nios2eds/bin/gnu/h-i686-mingw32/bin/../lib/gcc/nios2-elf/4.1.2/../../../../nios2-elf/lib\libc.a(lib_a-fseek.o)
                0x0304af64                fseek
                0x0304ab28                _fseek_r
 .text          0x0304af88       0x74 c:/altera/10.0/nios2eds/bin/gnu/h-i686-mingw32/bin/../lib/gcc/nios2-elf/4.1.2/../../../../nios2-elf/lib\libc.a(lib_a-fstatr.o)
                0x0304af88                _fstat_r
 .text          0x0304affc      0x188 c:/altera/10.0/nios2eds/bin/gnu/h-i686-mingw32/bin/../lib/gcc/nios2-elf/4.1.2/../../../../nios2-elf/lib\libc.a(lib_a-fwalk.o)
                0x0304b0c8                _fwalk
                0x0304affc                _fwalk_reent
 .text          0x0304b184       0xdc c:/altera/10.0/nios2eds/bin/gnu/h-i686-mingw32/bin/../lib/gcc/nios2-elf/4.1.2/../../../../nios2-elf/lib\libc.a(lib_a-fwrite.o)
                0x0304b184                _fwrite_r
                0x0304b220                fwrite
 .text          0x0304b260        0x0 c:/altera/10.0/nios2eds/bin/gnu/h-i686-mingw32/bin/../lib/gcc/nios2-elf/4.1.2/../../../../nios2-elf/lib\libc.a(lib_a-impure.o)
 .text          0x0304b260        0x0 c:/altera/10.0/nios2eds/bin/gnu/h-i686-mingw32/bin/../lib/gcc/nios2-elf/4.1.2/../../../../nios2-elf/lib\libc.a(lib_a-int_errno.o)
 .text          0x0304b260      0x194 c:/altera/10.0/nios2eds/bin/gnu/h-i686-mingw32/bin/../lib/gcc/nios2-elf/4.1.2/../../../../nios2-elf/lib\libc.a(lib_a-makebuf.o)
                0x0304b260                __smakebuf_r
 .text          0x0304b3f4       0x28 c:/altera/10.0/nios2eds/bin/gnu/h-i686-mingw32/bin/../lib/gcc/nios2-elf/4.1.2/../../../../nios2-elf/lib\libc.a(lib_a-malloc.o)
                0x0304b408                malloc
                0x0304b3f4                free
 .text          0x0304b41c      0x740 c:/altera/10.0/nios2eds/bin/gnu/h-i686-mingw32/bin/../lib/gcc/nios2-elf/4.1.2/../../../../nios2-elf/lib\libc.a(lib_a-mallocr.o)
                0x0304b41c                _malloc_r
 .text          0x0304bb5c       0xa0 c:/altera/10.0/nios2eds/bin/gnu/h-i686-mingw32/bin/../lib/gcc/nios2-elf/4.1.2/../../../../nios2-elf/lib\libc.a(lib_a-memcpy.o)
                0x0304bb5c                memcpy
 .text          0x0304bbfc       0x98 c:/altera/10.0/nios2eds/bin/gnu/h-i686-mingw32/bin/../lib/gcc/nios2-elf/4.1.2/../../../../nios2-elf/lib\libc.a(lib_a-memset.o)
                0x0304bbfc                memset
 .text          0x0304bc94       0x78 c:/altera/10.0/nios2eds/bin/gnu/h-i686-mingw32/bin/../lib/gcc/nios2-elf/4.1.2/../../../../nios2-elf/lib\libc.a(lib_a-openr.o)
                0x0304bc94                _open_r
 .text          0x0304bd0c       0x78 c:/altera/10.0/nios2eds/bin/gnu/h-i686-mingw32/bin/../lib/gcc/nios2-elf/4.1.2/../../../../nios2-elf/lib\libc.a(lib_a-printf.o)
                0x0304bd0c                printf
                0x0304bd50                _printf_r
 .text          0x0304bd84       0x24 c:/altera/10.0/nios2eds/bin/gnu/h-i686-mingw32/bin/../lib/gcc/nios2-elf/4.1.2/../../../../nios2-elf/lib\libc.a(lib_a-putchar.o)
                0x0304bd84                putchar
                0x0304bda0                _putchar_r
 .text          0x0304bda8       0xb4 c:/altera/10.0/nios2eds/bin/gnu/h-i686-mingw32/bin/../lib/gcc/nios2-elf/4.1.2/../../../../nios2-elf/lib\libc.a(lib_a-puts.o)
                0x0304bda8                _puts_r
                0x0304be48                puts
 .text          0x0304be5c      0x1e0 c:/altera/10.0/nios2eds/bin/gnu/h-i686-mingw32/bin/../lib/gcc/nios2-elf/4.1.2/../../../../nios2-elf/lib\libc.a(lib_a-refill.o)
                0x0304be5c                __srefill_r
 .text          0x0304c03c       0x70 c:/altera/10.0/nios2eds/bin/gnu/h-i686-mingw32/bin/../lib/gcc/nios2-elf/4.1.2/../../../../nios2-elf/lib\libc.a(lib_a-sbrkr.o)
                0x0304c03c                _sbrk_r
 .text          0x0304c0ac       0xd4 c:/altera/10.0/nios2eds/bin/gnu/h-i686-mingw32/bin/../lib/gcc/nios2-elf/4.1.2/../../../../nios2-elf/lib\libc.a(lib_a-sprintf.o)
                0x0304c120                _sprintf_r
                0x0304c0ac                sprintf
 .text          0x0304c180      0x14c c:/altera/10.0/nios2eds/bin/gnu/h-i686-mingw32/bin/../lib/gcc/nios2-elf/4.1.2/../../../../nios2-elf/lib\libc.a(lib_a-stdio.o)
                0x0304c188                __sseek
                0x0304c26c                __sread
                0x0304c180                __sclose
                0x0304c1f0                __swrite
 .text          0x0304c2cc       0xb0 c:/altera/10.0/nios2eds/bin/gnu/h-i686-mingw32/bin/../lib/gcc/nios2-elf/4.1.2/../../../../nios2-elf/lib\libc.a(lib_a-strcasecmp.o)
                0x0304c2cc                strcasecmp
 .text          0x0304c37c       0xbc c:/altera/10.0/nios2eds/bin/gnu/h-i686-mingw32/bin/../lib/gcc/nios2-elf/4.1.2/../../../../nios2-elf/lib\libc.a(lib_a-strcmp.o)
                0x0304c37c                strcmp
 .text          0x0304c438       0x8c c:/altera/10.0/nios2eds/bin/gnu/h-i686-mingw32/bin/../lib/gcc/nios2-elf/4.1.2/../../../../nios2-elf/lib\libc.a(lib_a-strcpy.o)
                0x0304c438                strcpy
 .text          0x0304c4c4       0x74 c:/altera/10.0/nios2eds/bin/gnu/h-i686-mingw32/bin/../lib/gcc/nios2-elf/4.1.2/../../../../nios2-elf/lib\libc.a(lib_a-strlen.o)
                0x0304c4c4                strlen
 .text          0x0304c538     0x1dcc c:/altera/10.0/nios2eds/bin/gnu/h-i686-mingw32/bin/../lib/gcc/nios2-elf/4.1.2/../../../../nios2-elf/lib\libc.a(lib_a-vfprintf.o)
                0x0304c590                ___vfprintf_internal_r
                0x0304e2e0                __vfprintf_internal
 .text          0x0304e304       0xf4 c:/altera/10.0/nios2eds/bin/gnu/h-i686-mingw32/bin/../lib/gcc/nios2-elf/4.1.2/../../../../nios2-elf/lib\libc.a(lib_a-vsnprintf.o)
                0x0304e3b8                vsnprintf
                0x0304e304                _vsnprintf_r
 .text          0x0304e3f8       0x78 c:/altera/10.0/nios2eds/bin/gnu/h-i686-mingw32/bin/../lib/gcc/nios2-elf/4.1.2/../../../../nios2-elf/lib\libc.a(lib_a-writer.o)
                0x0304e3f8                _write_r
 .text          0x0304e470      0x13c c:/altera/10.0/nios2eds/bin/gnu/h-i686-mingw32/bin/../lib/gcc/nios2-elf/4.1.2/../../../../nios2-elf/lib\libc.a(lib_a-wsetup.o)
                0x0304e470                __swsetup_r
 .text          0x0304e5ac       0x70 c:/altera/10.0/nios2eds/bin/gnu/h-i686-mingw32/bin/../lib/gcc/nios2-elf/4.1.2/../../../../nios2-elf/lib\libc.a(lib_a-closer.o)
                0x0304e5ac                _close_r
 .text          0x0304e61c        0x0 c:/altera/10.0/nios2eds/bin/gnu/h-i686-mingw32/bin/../lib/gcc/nios2-elf/4.1.2/../../../../nios2-elf/lib\libc.a(lib_a-ctype_.o)
 .text          0x0304e61c     0x1808 c:/altera/10.0/nios2eds/bin/gnu/h-i686-mingw32/bin/../lib/gcc/nios2-elf/4.1.2/../../../../nios2-elf/lib\libc.a(lib_a-dtoa.o)
                0x0304e824                _dtoa_r
 .text          0x0304fe24       0xa0 c:/altera/10.0/nios2eds/bin/gnu/h-i686-mingw32/bin/../lib/gcc/nios2-elf/4.1.2/../../../../nios2-elf/lib\libc.a(lib_a-flags.o)
                0x0304fe24                __sflags
 .text          0x0304fec4      0x49c c:/altera/10.0/nios2eds/bin/gnu/h-i686-mingw32/bin/../lib/gcc/nios2-elf/4.1.2/../../../../nios2-elf/lib\libc.a(lib_a-fvwrite.o)
                0x0304fec4                __sfvwrite_r
 .text          0x03050360       0x70 c:/altera/10.0/nios2eds/bin/gnu/h-i686-mingw32/bin/../lib/gcc/nios2-elf/4.1.2/../../../../nios2-elf/lib\libc.a(lib_a-isattyr.o)
                0x03050360                _isatty_r
 .text          0x030503d0       0xc4 c:/altera/10.0/nios2eds/bin/gnu/h-i686-mingw32/bin/../lib/gcc/nios2-elf/4.1.2/../../../../nios2-elf/lib\libc.a(lib_a-locale.o)
                0x030503f4                _setlocale_r
                0x030503d0                __locale_charset
                0x030503d8                _localeconv_r
                0x03050478                setlocale
                0x030503e4                localeconv
 .text          0x03050494       0x78 c:/altera/10.0/nios2eds/bin/gnu/h-i686-mingw32/bin/../lib/gcc/nios2-elf/4.1.2/../../../../nios2-elf/lib\libc.a(lib_a-lseekr.o)
                0x03050494                _lseek_r
 .text          0x0305050c       0xfc c:/altera/10.0/nios2eds/bin/gnu/h-i686-mingw32/bin/../lib/gcc/nios2-elf/4.1.2/../../../../nios2-elf/lib\libc.a(lib_a-memchr.o)
                0x0305050c                memchr
 .text          0x03050608       0xe0 c:/altera/10.0/nios2eds/bin/gnu/h-i686-mingw32/bin/../lib/gcc/nios2-elf/4.1.2/../../../../nios2-elf/lib\libc.a(lib_a-memmove.o)
                0x03050608                memmove
 .text          0x030506e8     0x1004 c:/altera/10.0/nios2eds/bin/gnu/h-i686-mingw32/bin/../lib/gcc/nios2-elf/4.1.2/../../../../nios2-elf/lib\libc.a(lib_a-mprec.o)
                0x03050b04                _mprec_log10
                0x03050bf8                __any_on
                0x03050c80                _Balloc
                0x03050a54                __ratio
                0x03051370                __i2b
                0x0305092c                __b2d
                0x030515cc                __s2b
                0x03050844                __mcmp
                0x03050710                __hi0bits
                0x030514ac                __pow5mult
                0x03051044                __lshift
                0x03051190                __multiply
                0x03050d3c                __d2b
                0x03050ba0                __copybits
                0x030508a4                __ulp
                0x03050eb8                __mdiff
                0x03050780                __lo0bits
                0x030513ac                __multadd
                0x030506e8                _Bfree
 .text          0x030516ec      0x1ec c:/altera/10.0/nios2eds/bin/gnu/h-i686-mingw32/bin/../lib/gcc/nios2-elf/4.1.2/../../../../nios2-elf/lib\libc.a(lib_a-putc.o)
                0x030517f0                _putc_r
                0x030516ec                putc
 .text          0x030518d8       0x78 c:/altera/10.0/nios2eds/bin/gnu/h-i686-mingw32/bin/../lib/gcc/nios2-elf/4.1.2/../../../../nios2-elf/lib\libc.a(lib_a-readr.o)
                0x030518d8                _read_r
 .text          0x03051950      0x628 c:/altera/10.0/nios2eds/bin/gnu/h-i686-mingw32/bin/../lib/gcc/nios2-elf/4.1.2/../../../../nios2-elf/lib\libc.a(lib_a-reallocr.o)
                0x03051950                _realloc_r
 .text          0x03051f78       0x44 c:/altera/10.0/nios2eds/bin/gnu/h-i686-mingw32/bin/../lib/gcc/nios2-elf/4.1.2/../../../../nios2-elf/lib\libc.a(lib_a-s_isinfd.o)
                0x03051f78                __isinfd
 .text          0x03051fbc       0x34 c:/altera/10.0/nios2eds/bin/gnu/h-i686-mingw32/bin/../lib/gcc/nios2-elf/4.1.2/../../../../nios2-elf/lib\libc.a(lib_a-s_isnand.o)
                0x03051fbc                __isnand
 .text          0x03051ff0      0x14c c:/altera/10.0/nios2eds/bin/gnu/h-i686-mingw32/bin/../lib/gcc/nios2-elf/4.1.2/../../../../nios2-elf/lib\libc.a(lib_a-wbuf.o)
                0x03051ff0                __swbuf_r
                0x03052120                __swbuf
 .text          0x0305213c       0xb8 c:/altera/10.0/nios2eds/bin/gnu/h-i686-mingw32/bin/../lib/gcc/nios2-elf/4.1.2/../../../../nios2-elf/lib\libc.a(lib_a-callocr.o)
                0x0305213c                _calloc_r
 .text          0x030521f4      0x504 c:/altera/10.0/nios2eds/bin/gnu/h-i686-mingw32/bin/../lib/gcc/nios2-elf/4.1.2\libgcc.a(_addsub_df.o)
                0x03052684                __adddf3
                0x03052604                __subdf3
 .text          0x030526f8      0x3c8 c:/altera/10.0/nios2eds/bin/gnu/h-i686-mingw32/bin/../lib/gcc/nios2-elf/4.1.2\libgcc.a(_mul_df.o)
                0x030526f8                __muldf3
 .text          0x03052ac0       0x88 c:/altera/10.0/nios2eds/bin/gnu/h-i686-mingw32/bin/../lib/gcc/nios2-elf/4.1.2\libgcc.a(_eq_df.o)
                0x03052ac0                __eqdf2
 .text          0x03052b48       0x88 c:/altera/10.0/nios2eds/bin/gnu/h-i686-mingw32/bin/../lib/gcc/nios2-elf/4.1.2\libgcc.a(_ne_df.o)
                0x03052b48                __nedf2
 .text          0x03052bd0       0x88 c:/altera/10.0/nios2eds/bin/gnu/h-i686-mingw32/bin/../lib/gcc/nios2-elf/4.1.2\libgcc.a(_gt_df.o)
                0x03052bd0                __gtdf2
 .text          0x03052c58       0x88 c:/altera/10.0/nios2eds/bin/gnu/h-i686-mingw32/bin/../lib/gcc/nios2-elf/4.1.2\libgcc.a(_ge_df.o)
                0x03052c58                __gedf2
 .text          0x03052ce0       0x88 c:/altera/10.0/nios2eds/bin/gnu/h-i686-mingw32/bin/../lib/gcc/nios2-elf/4.1.2\libgcc.a(_lt_df.o)
                0x03052ce0                __ltdf2
 .text          0x03052d68      0x100 c:/altera/10.0/nios2eds/bin/gnu/h-i686-mingw32/bin/../lib/gcc/nios2-elf/4.1.2\libgcc.a(_si_to_df.o)
                0x03052d68                __floatsidf
 .text          0x03052e68       0xdc c:/altera/10.0/nios2eds/bin/gnu/h-i686-mingw32/bin/../lib/gcc/nios2-elf/4.1.2\libgcc.a(_df_to_si.o)
                0x03052e68                __fixdfsi
 .text          0x03052f44      0x194 c:/altera/10.0/nios2eds/bin/gnu/h-i686-mingw32/bin/../lib/gcc/nios2-elf/4.1.2\libgcc.a(_usi_to_df.o)
                0x03052f44                __floatunsidf
 .text          0x030530d8       0xc8 c:/altera/10.0/nios2eds/bin/gnu/h-i686-mingw32/bin/../lib/gcc/nios2-elf/4.1.2\libgcc.a(_fpcmp_parts_df.o)
                0x030530d8                __fpcmp_parts_d
 .text          0x030531a0      0x144 ../DE2_115_SD_Card_Audio_Player_bsp/\libhal_bsp.a(alt_close.o)
                0x030531a0                close
 .text          0x030532e4       0x28 ../DE2_115_SD_Card_Audio_Player_bsp/\libhal_bsp.a(alt_dev.o)
 .text          0x0305330c        0x0 ../DE2_115_SD_Card_Audio_Player_bsp/\libhal_bsp.a(alt_errno.o)
 .text          0x0305330c      0x11c ../DE2_115_SD_Card_Audio_Player_bsp/\libhal_bsp.a(alt_fstat.o)
                0x0305330c                fstat
 .text          0x03053428      0x1a4 ../DE2_115_SD_Card_Audio_Player_bsp/\libhal_bsp.a(alt_irq_register.o)
                0x03053428                alt_irq_register
 .text          0x030535cc        0x0 ../DE2_115_SD_Card_Audio_Player_bsp/\libhal_bsp.a(alt_irq_vars.o)
 .text          0x030535cc      0x108 ../DE2_115_SD_Card_Audio_Player_bsp/\libhal_bsp.a(alt_isatty.o)
                0x030535cc                isatty
 .text          0x030536d4       0xe4 ../DE2_115_SD_Card_Audio_Player_bsp/\libhal_bsp.a(alt_load.o)
                0x030536d4                alt_load
 .text          0x030537b8      0x138 ../DE2_115_SD_Card_Audio_Player_bsp/\libhal_bsp.a(alt_lseek.o)
                0x030537b8                lseek
 .text          0x030538f0       0x70 ../DE2_115_SD_Card_Audio_Player_bsp/\libhal_bsp.a(alt_main.o)
                0x030538f0                alt_main
 .text          0x03053960       0x38 ../DE2_115_SD_Card_Audio_Player_bsp/\libhal_bsp.a(alt_malloc_lock.o)
                0x0305397c                __malloc_unlock
                0x03053960                __malloc_lock
 .text          0x03053998      0x290 ../DE2_115_SD_Card_Audio_Player_bsp/\libhal_bsp.a(alt_open.o)
                0x03053a60                open
 .text          0x03053c28      0x168 ../DE2_115_SD_Card_Audio_Player_bsp/\libhal_bsp.a(alt_read.o)
                0x03053c28                read
 .text          0x03053d90       0x5c ../DE2_115_SD_Card_Audio_Player_bsp/\libhal_bsp.a(alt_release_fd.o)
                0x03053d90                alt_release_fd
 .text          0x03053dec       0xc0 ../DE2_115_SD_Card_Audio_Player_bsp/\libhal_bsp.a(alt_sbrk.o)
                0x03053dec                sbrk
 .text          0x03053eac      0x19c ../DE2_115_SD_Card_Audio_Player_bsp/\libhal_bsp.a(alt_tick.o)
                0x03053f48                alt_tick
                0x03053eac                alt_alarm_stop
 .text          0x03054048       0x2c ../DE2_115_SD_Card_Audio_Player_bsp/\libhal_bsp.a(alt_usleep.o)
                0x03054048                usleep
 .text          0x03054074      0x168 ../DE2_115_SD_Card_Audio_Player_bsp/\libhal_bsp.a(alt_write.o)
                0x03054074                write
 .text          0x030541dc       0xfc ../DE2_115_SD_Card_Audio_Player_bsp/\libhal_bsp.a(alt_sys_init.o)
                0x0305420c                alt_sys_init
                0x030541dc                alt_irq_init
 .text          0x030542d8      0x854 ../DE2_115_SD_Card_Audio_Player_bsp/\libhal_bsp.a(altera_avalon_cfi_flash.o)
                0x030543a0                alt_flash_cfi_write
                0x03054874                alt_flash_program_block
                0x030546e0                alt_flash_cfi_read
                0x030542d8                alt_flash_cfi_init
                0x03054738                alt_write_value_to_flash
                0x03054654                alt_flash_cfi_get_info
 .text          0x03054b2c     0x1310 ../DE2_115_SD_Card_Audio_Player_bsp/\libhal_bsp.a(altera_avalon_cfi_flash_table.o)
                0x03054ba4                alt_read_query_entry_32bit
                0x03054d1c                alt_write_flash_command_32bit_device_16bit_mode
                0x03054b2c                alt_read_query_entry_8bit
                0x03055024                alt_set_flash_algorithm_func
                0x03054be0                alt_write_flash_command_8bit_device_8bit_mode
                0x03055d70                alt_check_primary_table
                0x03054d9c                alt_write_native_8bit
                0x03054c1c                alt_write_flash_command_16bit_device_8bit_mode
                0x03055150                alt_read_cfi_table
                0x03054b64                alt_read_query_entry_16bit
                0x03054e28                alt_set_flash_width_func
                0x030556c4                alt_read_cfi_width
                0x03054cd8                alt_write_flash_command_16bit_device_16bit_mode
                0x03054d5c                alt_write_flash_command_32bit_device_32bit_mode
                0x03054dcc                alt_write_native_16bit
                0x03054c98                alt_write_flash_command_32bit_device_8bit_mode
                0x03054dfc                alt_write_native_32bit
 .text          0x03055e3c      0x138 ../DE2_115_SD_Card_Audio_Player_bsp/\libhal_bsp.a(altera_avalon_jtag_uart_fd.o)
                0x03055e3c                altera_avalon_jtag_uart_read_fd
                0x03055ee4                altera_avalon_jtag_uart_close_fd
                0x03055f28                altera_avalon_jtag_uart_ioctl_fd
                0x03055e90                altera_avalon_jtag_uart_write_fd
 .text          0x03055f74      0x408 ../DE2_115_SD_Card_Audio_Player_bsp/\libhal_bsp.a(altera_avalon_jtag_uart_init.o)
                0x03055f74                altera_avalon_jtag_uart_init
                0x03056310                altera_avalon_jtag_uart_close
 .text          0x0305637c       0xf8 ../DE2_115_SD_Card_Audio_Player_bsp/\libhal_bsp.a(altera_avalon_jtag_uart_ioctl.o)
                0x0305637c                altera_avalon_jtag_uart_ioctl
 .text          0x03056474      0x234 ../DE2_115_SD_Card_Audio_Player_bsp/\libhal_bsp.a(altera_avalon_jtag_uart_read.o)
                0x03056474                altera_avalon_jtag_uart_read
 .text          0x030566a8      0x254 ../DE2_115_SD_Card_Audio_Player_bsp/\libhal_bsp.a(altera_avalon_jtag_uart_write.o)
                0x030566a8                altera_avalon_jtag_uart_write
 .text          0x030568fc      0xcfc ../DE2_115_SD_Card_Audio_Player_bsp/\libhal_bsp.a(altera_avalon_lcd_16207.o)
                0x03056fcc                altera_avalon_lcd_16207_write
                0x030574cc                altera_avalon_lcd_16207_init
 .text          0x030575f8       0x54 ../DE2_115_SD_Card_Audio_Player_bsp/\libhal_bsp.a(altera_avalon_lcd_16207_fd.o)
                0x030575f8                altera_avalon_lcd_16207_write_fd
 .text          0x0305764c      0x100 ../DE2_115_SD_Card_Audio_Player_bsp/\libhal_bsp.a(altera_avalon_timer_sc.o)
                0x030576c0                alt_avalon_timer_sc_init
 .text          0x0305774c       0xec ../DE2_115_SD_Card_Audio_Player_bsp/\libhal_bsp.a(altera_avalon_uart_fd.o)
                0x030577a0                altera_avalon_uart_write_fd
                0x030577f4                altera_avalon_uart_close_fd
                0x0305774c                altera_avalon_uart_read_fd
 .text          0x03057838      0x40c ../DE2_115_SD_Card_Audio_Player_bsp/\libhal_bsp.a(altera_avalon_uart_init.o)
                0x03057838                altera_avalon_uart_init
                0x03057bec                altera_avalon_uart_close
 .text          0x03057c44      0x288 ../DE2_115_SD_Card_Audio_Player_bsp/\libhal_bsp.a(altera_avalon_uart_read.o)
                0x03057c44                altera_avalon_uart_read
 .text          0x03057ecc      0x220 ../DE2_115_SD_Card_Audio_Player_bsp/\libhal_bsp.a(altera_avalon_uart_write.o)
                0x03057ecc                altera_avalon_uart_write
 .text          0x030580ec      0x154 ../DE2_115_SD_Card_Audio_Player_bsp/\libhal_bsp.a(alt_alarm_start.o)
                0x030580ec                alt_alarm_start
 .text          0x03058240      0x148 ../DE2_115_SD_Card_Audio_Player_bsp/\libhal_bsp.a(alt_busy_sleep.o)
                0x03058240                alt_busy_sleep
 .text          0x03058388       0x74 ../DE2_115_SD_Card_Audio_Player_bsp/\libhal_bsp.a(alt_dcache_flush.o)
                0x03058388                alt_dcache_flush
 .text          0x030583fc       0x40 ../DE2_115_SD_Card_Audio_Player_bsp/\libhal_bsp.a(alt_dcache_flush_all.o)
                0x030583fc                alt_dcache_flush_all
 .text          0x0305843c       0xf8 ../DE2_115_SD_Card_Audio_Player_bsp/\libhal_bsp.a(alt_dev_llist_insert.o)
                0x0305843c                alt_dev_llist_insert
 .text          0x03058534       0x58 ../DE2_115_SD_Card_Audio_Player_bsp/\libhal_bsp.a(alt_do_ctors.o)
                0x03058534                _do_ctors
 .text          0x0305858c       0x58 ../DE2_115_SD_Card_Audio_Player_bsp/\libhal_bsp.a(alt_do_dtors.o)
                0x0305858c                _do_dtors
 .text          0x030585e4       0x90 ../DE2_115_SD_Card_Audio_Player_bsp/\libhal_bsp.a(alt_find_dev.o)
                0x030585e4                alt_find_dev
 .text          0x03058674       0xe4 ../DE2_115_SD_Card_Audio_Player_bsp/\libhal_bsp.a(alt_find_file.o)
                0x03058674                alt_find_file
 .text          0x03058758       0xc8 ../DE2_115_SD_Card_Audio_Player_bsp/\libhal_bsp.a(alt_flash_dev.o)
                0x03058758                alt_flash_open_dev
                0x030587d0                alt_flash_close_dev
 .text          0x03058820       0xac ../DE2_115_SD_Card_Audio_Player_bsp/\libhal_bsp.a(alt_get_fd.o)
                0x03058820                alt_get_fd
 .text          0x030588cc       0x2c ../DE2_115_SD_Card_Audio_Player_bsp/\libhal_bsp.a(alt_icache_flush_all.o)
                0x030588cc                alt_icache_flush_all
 .text          0x030588f8      0x1a0 ../DE2_115_SD_Card_Audio_Player_bsp/\libhal_bsp.a(alt_iic.o)
                0x03058a58                alt_ic_irq_enabled
                0x030588f8                alt_ic_isr_register
                0x030589cc                alt_ic_irq_disable
                0x03058944                alt_ic_irq_enable
 .text          0x03058a98       0xfc ../DE2_115_SD_Card_Audio_Player_bsp/\libhal_bsp.a(alt_iic_isr_register.o)
                0x03058a98                alt_iic_isr_register
 .text          0x03058b94      0x134 ../DE2_115_SD_Card_Audio_Player_bsp/\libhal_bsp.a(alt_io_redirect.o)
                0x03058c54                alt_io_redirect
 .text          0x03058cc8        0x0 ../DE2_115_SD_Card_Audio_Player_bsp/\libhal_bsp.a(alt_irq_entry.o)
 .text          0x03058cc8        0x0 ../DE2_115_SD_Card_Audio_Player_bsp/\libhal_bsp.a(alt_irq_handler.o)
 .text          0x03058cc8       0x1c ../DE2_115_SD_Card_Audio_Player_bsp/\libhal_bsp.a(altera_nios2_qsys_irq.o)
                0x03058cc8                altera_nios2_qsys_irq_init
 .text          0x03058ce4      0x438 ../DE2_115_SD_Card_Audio_Player_bsp/\libhal_bsp.a(altera_avalon_cfi_flash_amd.o)
                0x03058d48                alt_erase_block_amd
                0x03058ce4                alt_program_amd
 .text          0x0305911c      0x410 ../DE2_115_SD_Card_Audio_Player_bsp/\libhal_bsp.a(altera_avalon_cfi_flash_intel.o)
                0x0305911c                alt_program_intel
                0x0305919c                alt_erase_block_intel
 .text          0x0305952c        0x0 ../DE2_115_SD_Card_Audio_Player_bsp/\libhal_bsp.a(alt_exception_entry.o)
 .text          0x0305952c       0x8c ../DE2_115_SD_Card_Audio_Player_bsp/\libhal_bsp.a(alt_icache_flush.o)
                0x0305952c                alt_icache_flush
 .text          0x030595b8       0x14 c:/altera/10.0/nios2eds/bin/gnu/h-i686-mingw32/bin/../lib/gcc/nios2-elf/4.1.2/../../../../nios2-elf/lib\libc.a(lib_a-atexit.o)
                0x030595b8                atexit
 .text          0x030595cc       0x38 c:/altera/10.0/nios2eds/bin/gnu/h-i686-mingw32/bin/../lib/gcc/nios2-elf/4.1.2/../../../../nios2-elf/lib\libc.a(lib_a-exit.o)
                0x030595cc                exit
 .text          0x03059604       0x74 c:/altera/10.0/nios2eds/bin/gnu/h-i686-mingw32/bin/../lib/gcc/nios2-elf/4.1.2/../../../../nios2-elf/lib\libc.a(lib_a-memcmp.o)
                0x03059604                memcmp
 .text          0x03059678      0x134 c:/altera/10.0/nios2eds/bin/gnu/h-i686-mingw32/bin/../lib/gcc/nios2-elf/4.1.2/../../../../nios2-elf/lib\libc.a(lib_a-__atexit.o)
                0x03059678                __register_exitproc
 .text          0x030597ac      0x1ac c:/altera/10.0/nios2eds/bin/gnu/h-i686-mingw32/bin/../lib/gcc/nios2-elf/4.1.2/../../../../nios2-elf/lib\libc.a(lib_a-__call_atexit.o)
                0x030597b0                __call_exitprocs
 .text          0x03059958       0x5c ../DE2_115_SD_Card_Audio_Player_bsp/\libhal_bsp.a(alt_exit.o)
                0x03059994                _exit
 *(.gnu.warning.*)
 *(.fini)
                0x030599b4                PROVIDE (__etext, <code 341> (.))
                0x030599b4                PROVIDE (_etext, <code 341> (.))
                0x030599b4                PROVIDE (etext, <code 341> (.))
 *(.eh_frame_hdr)
                0x030599b4                . = ALIGN (0x4)
                0x030599b4                PROVIDE (__preinit_array_start, <code 341> (.))
 *(.preinit_array)
                0x030599b4                PROVIDE (__preinit_array_end, <code 341> (.))
                0x030599b4                PROVIDE (__init_array_start, <code 341> (.))
 *(.init_array)
                0x030599b4                PROVIDE (__init_array_end, <code 341> (.))
                0x030599b4                PROVIDE (__fini_array_start, <code 341> (.))
 *(.fini_array)
                0x030599b4                PROVIDE (__fini_array_end, <code 341> (.))
 *(.eh_frame)
 *(.gcc_except_table)
 *(.dynamic)
                0x030599b4                PROVIDE (__CTOR_LIST__, <code 341> (.))
 *(.ctors)
 *(SORT(.ctors.*))
 .ctors.65535   0x030599b4        0x4 c:/altera/10.0/nios2eds/bin/gnu/h-i686-mingw32/bin/../lib/gcc/nios2-elf/4.1.2/../../../../nios2-elf/lib\libc.a(lib_a-__call_atexit.o)
                0x030599b8                PROVIDE (__CTOR_END__, <code 341> (.))
                0x030599b8                PROVIDE (__DTOR_LIST__, <code 341> (.))
 *(.dtors)
 *(SORT(.dtors.*))
                0x030599b8                PROVIDE (__DTOR_END__, <code 341> (.))
 *(.jcr)
                0x030599b8                . = ALIGN (0x4)

.rodata         0x030599b8     0x1374
                0x030599b8                PROVIDE (__ram_rodata_start, <code 341> (.))
                0x030599b8                . = ALIGN (0x4)
 *(.rodata .rodata.* .gnu.linkonce.r.*)
 .rodata        0x030599b8      0x500 obj/default/main.o
 .rodata        0x03059eb8       0xc0 obj/default/terasic_fat/FatFileSystem.o
 .rodata        0x03059f78      0x2dc obj/default/terasic_fat/FatInternal.o
 .rodata        0x0305a254       0xd4 obj/default/terasic_lib/AUDIO.o
 .rodata        0x0305a328       0x88 obj/default/terasic_lib/I2C.o
 .rodata        0x0305a3b0       0x30 obj/default/terasic_lib/LCD.o
 .rodata        0x0305a3e0       0x3c obj/default/terasic_lib/WaveLib.o
 .rodata        0x0305a41c       0x10 obj/default/terasic_lib/debug.o
 .rodata        0x0305a42c      0x200 obj/default/terasic_sdcard/crc16.o
 .rodata        0x0305a62c      0x100 obj/default/terasic_sdcard/crc7.o
 .rodata        0x0305a72c       0x10 c:/altera/10.0/nios2eds/bin/gnu/h-i686-mingw32/bin/../lib/gcc/nios2-elf/4.1.2\libgcc.a(_thenan_sf.o)
                0x0305a72c                __thenan_sf
 .rodata        0x0305a73c       0x14 c:/altera/10.0/nios2eds/bin/gnu/h-i686-mingw32/bin/../lib/gcc/nios2-elf/4.1.2\libgcc.a(_thenan_df.o)
                0x0305a73c                __thenan_df
 .rodata        0x0305a750      0x100 c:/altera/10.0/nios2eds/bin/gnu/h-i686-mingw32/bin/../lib/gcc/nios2-elf/4.1.2\libgcc.a(_clz.o)
                0x0305a750                __clz_tab
 .rodata.str1.4
                0x0305a850        0x2 c:/altera/10.0/nios2eds/bin/gnu/h-i686-mingw32/bin/../lib/gcc/nios2-elf/4.1.2/../../../../nios2-elf/lib\libc.a(lib_a-impure.o)
                                  0x4 (size before relaxing)
 *fill*         0x0305a852        0x2 00
 .rodata.str1.4
                0x0305a854        0x2 c:/altera/10.0/nios2eds/bin/gnu/h-i686-mingw32/bin/../lib/gcc/nios2-elf/4.1.2/../../../../nios2-elf/lib\libc.a(lib_a-puts.o)
                                  0x4 (size before relaxing)
 *fill*         0x0305a856        0x2 00
 .rodata.str1.4
                0x0305a858       0x5e c:/altera/10.0/nios2eds/bin/gnu/h-i686-mingw32/bin/../lib/gcc/nios2-elf/4.1.2/../../../../nios2-elf/lib\libc.a(lib_a-vfprintf.o)
                                 0x60 (size before relaxing)
 .rodata        0x0305a8b6       0x20 c:/altera/10.0/nios2eds/bin/gnu/h-i686-mingw32/bin/../lib/gcc/nios2-elf/4.1.2/../../../../nios2-elf/lib\libc.a(lib_a-vfprintf.o)
 .rodata        0x0305a8d6      0x281 c:/altera/10.0/nios2eds/bin/gnu/h-i686-mingw32/bin/../lib/gcc/nios2-elf/4.1.2/../../../../nios2-elf/lib\libc.a(lib_a-ctype_.o)
                0x0305a8d6                _ctype_
 *fill*         0x0305ab57        0x1 00
 .rodata.str1.4
                0x0305ab58       0x10 c:/altera/10.0/nios2eds/bin/gnu/h-i686-mingw32/bin/../lib/gcc/nios2-elf/4.1.2/../../../../nios2-elf/lib\libc.a(lib_a-dtoa.o)
                                 0x14 (size before relaxing)
 .rodata.str1.4
                0x0305ab68       0x10 c:/altera/10.0/nios2eds/bin/gnu/h-i686-mingw32/bin/../lib/gcc/nios2-elf/4.1.2/../../../../nios2-elf/lib\libc.a(lib_a-locale.o)
                                 0x18 (size before relaxing)
 .rodata        0x0305ab78       0x30 c:/altera/10.0/nios2eds/bin/gnu/h-i686-mingw32/bin/../lib/gcc/nios2-elf/4.1.2/../../../../nios2-elf/lib\libc.a(lib_a-locale.o)
 .rodata        0x0305aba8      0x124 c:/altera/10.0/nios2eds/bin/gnu/h-i686-mingw32/bin/../lib/gcc/nios2-elf/4.1.2/../../../../nios2-elf/lib\libc.a(lib_a-mprec.o)
                0x0305ac98                __mprec_tinytens
                0x0305aba8                __mprec_tens
                0x0305ac70                __mprec_bigtens
 .rodata        0x0305accc        0xc ../DE2_115_SD_Card_Audio_Player_bsp/\libhal_bsp.a(alt_dev.o)
 .rodata        0x0305acd8       0x10 ../DE2_115_SD_Card_Audio_Player_bsp/\libhal_bsp.a(alt_main.o)
 .rodata        0x0305ace8       0x44 ../DE2_115_SD_Card_Audio_Player_bsp/\libhal_bsp.a(alt_sys_init.o)
 *(.rodata1)
                0x0305ad2c                . = ALIGN (0x4)
                0x0305ad2c                PROVIDE (__ram_rodata_end, <code 341> (.))
                0x030599b8                PROVIDE (__flash_rodata_start, LOADADDR (.rodata))

.rwdata         0x0305ad2c     0x1d5c load address 0x0305ca88
                0x0305ad2c                PROVIDE (__ram_rwdata_start, <code 341> (.))
                0x0305ad2c                . = ALIGN (0x4)
 *(.got.plt)
 *(.got)
 *(.data1)
 *(.data .data.* .gnu.linkonce.d.*)
 .data          0x0305ad2c        0x0 ../DE2_115_SD_Card_Audio_Player_bsp//obj/HAL/src/crt0.o
 .data          0x0305ad2c        0x0 obj/default/main.o
 .data          0x0305ad2c        0x0 obj/default/terasic_fat/FatFileSystem.o
 .data          0x0305ad2c        0x0 obj/default/terasic_fat/FatInternal.o
 .data          0x0305ad2c        0x0 obj/default/terasic_lib/AUDIO.o
 .data          0x0305ad2c        0x0 obj/default/terasic_lib/I2C.o
 .data          0x0305ad2c        0x0 obj/default/terasic_lib/LCD.o
 .data          0x0305ad2c        0x0 obj/default/terasic_lib/LED.o
 .data          0x0305ad2c       0x10 obj/default/terasic_lib/SEG7.o
 .data          0x0305ad3c        0x0 obj/default/terasic_lib/WaveLib.o
 .data          0x0305ad3c        0x0 obj/default/terasic_lib/debug.o
 .data          0x0305ad3c        0x0 obj/default/terasic_sdcard/crc16.o
 .data          0x0305ad3c        0x0 obj/default/terasic_sdcard/crc7.o
 .data          0x0305ad3c        0x0 obj/default/terasic_sdcard/sd_hal.o
 .data          0x0305ad3c        0x0 obj/default/terasic_sdcard/sd_lib.o
 .data          0x0305ad3c        0x0 obj/default/terasic_sdcard/sd_protocol.o
 .data          0x0305ad3c        0x0 c:/altera/10.0/nios2eds/bin/gnu/h-i686-mingw32/bin/../lib/gcc/nios2-elf/4.1.2\libgcc.a(_mul_sf.o)
 .data          0x0305ad3c        0x0 c:/altera/10.0/nios2eds/bin/gnu/h-i686-mingw32/bin/../lib/gcc/nios2-elf/4.1.2\libgcc.a(_div_sf.o)
 .data          0x0305ad3c        0x0 c:/altera/10.0/nios2eds/bin/gnu/h-i686-mingw32/bin/../lib/gcc/nios2-elf/4.1.2\libgcc.a(_sf_to_df.o)
 .data          0x0305ad3c        0x0 c:/altera/10.0/nios2eds/bin/gnu/h-i686-mingw32/bin/../lib/gcc/nios2-elf/4.1.2\libgcc.a(_thenan_sf.o)
 .data          0x0305ad3c        0x0 c:/altera/10.0/nios2eds/bin/gnu/h-i686-mingw32/bin/../lib/gcc/nios2-elf/4.1.2\libgcc.a(_usi_to_sf.o)
 .data          0x0305ad3c        0x0 c:/altera/10.0/nios2eds/bin/gnu/h-i686-mingw32/bin/../lib/gcc/nios2-elf/4.1.2\libgcc.a(_div_df.o)
 .data          0x0305ad3c        0x0 c:/altera/10.0/nios2eds/bin/gnu/h-i686-mingw32/bin/../lib/gcc/nios2-elf/4.1.2\libgcc.a(_make_df.o)
 .data          0x0305ad3c        0x0 c:/altera/10.0/nios2eds/bin/gnu/h-i686-mingw32/bin/../lib/gcc/nios2-elf/4.1.2\libgcc.a(_df_to_sf.o)
 .data          0x0305ad3c        0x0 c:/altera/10.0/nios2eds/bin/gnu/h-i686-mingw32/bin/../lib/gcc/nios2-elf/4.1.2\libgcc.a(_thenan_df.o)
 .data          0x0305ad3c        0x0 c:/altera/10.0/nios2eds/bin/gnu/h-i686-mingw32/bin/../lib/gcc/nios2-elf/4.1.2\libgcc.a(lib2-divmod.o)
 .data          0x0305ad3c        0x0 c:/altera/10.0/nios2eds/bin/gnu/h-i686-mingw32/bin/../lib/gcc/nios2-elf/4.1.2\libgcc.a(_muldi3.o)
 .data          0x0305ad3c        0x0 c:/altera/10.0/nios2eds/bin/gnu/h-i686-mingw32/bin/../lib/gcc/nios2-elf/4.1.2\libgcc.a(_clzsi2.o)
 .data          0x0305ad3c        0x0 c:/altera/10.0/nios2eds/bin/gnu/h-i686-mingw32/bin/../lib/gcc/nios2-elf/4.1.2\libgcc.a(_pack_sf.o)
 .data          0x0305ad3c        0x0 c:/altera/10.0/nios2eds/bin/gnu/h-i686-mingw32/bin/../lib/gcc/nios2-elf/4.1.2\libgcc.a(_unpack_sf.o)
 .data          0x0305ad3c        0x0 c:/altera/10.0/nios2eds/bin/gnu/h-i686-mingw32/bin/../lib/gcc/nios2-elf/4.1.2\libgcc.a(_make_sf.o)
 .data          0x0305ad3c        0x0 c:/altera/10.0/nios2eds/bin/gnu/h-i686-mingw32/bin/../lib/gcc/nios2-elf/4.1.2\libgcc.a(_pack_df.o)
 .data          0x0305ad3c        0x0 c:/altera/10.0/nios2eds/bin/gnu/h-i686-mingw32/bin/../lib/gcc/nios2-elf/4.1.2\libgcc.a(_unpack_df.o)
 .data          0x0305ad3c        0x0 c:/altera/10.0/nios2eds/bin/gnu/h-i686-mingw32/bin/../lib/gcc/nios2-elf/4.1.2\libgcc.a(_clz.o)
 .data          0x0305ad3c        0x0 c:/altera/10.0/nios2eds/bin/gnu/h-i686-mingw32/bin/../lib/gcc/nios2-elf/4.1.2/../../../../nios2-elf/lib\libc.a(lib_a-fclose.o)
 .data          0x0305ad3c        0x0 c:/altera/10.0/nios2eds/bin/gnu/h-i686-mingw32/bin/../lib/gcc/nios2-elf/4.1.2/../../../../nios2-elf/lib\libc.a(lib_a-fflush.o)
 .data          0x0305ad3c        0x0 c:/altera/10.0/nios2eds/bin/gnu/h-i686-mingw32/bin/../lib/gcc/nios2-elf/4.1.2/../../../../nios2-elf/lib\libc.a(lib_a-findfp.o)
 .data          0x0305ad3c        0x0 c:/altera/10.0/nios2eds/bin/gnu/h-i686-mingw32/bin/../lib/gcc/nios2-elf/4.1.2/../../../../nios2-elf/lib\libc.a(lib_a-fopen.o)
 .data          0x0305ad3c        0x0 c:/altera/10.0/nios2eds/bin/gnu/h-i686-mingw32/bin/../lib/gcc/nios2-elf/4.1.2/../../../../nios2-elf/lib\libc.a(lib_a-freer.o)
 .data          0x0305ad3c        0x0 c:/altera/10.0/nios2eds/bin/gnu/h-i686-mingw32/bin/../lib/gcc/nios2-elf/4.1.2/../../../../nios2-elf/lib\libc.a(lib_a-fseek.o)
 .data          0x0305ad3c        0x0 c:/altera/10.0/nios2eds/bin/gnu/h-i686-mingw32/bin/../lib/gcc/nios2-elf/4.1.2/../../../../nios2-elf/lib\libc.a(lib_a-fstatr.o)
 .data          0x0305ad3c        0x0 c:/altera/10.0/nios2eds/bin/gnu/h-i686-mingw32/bin/../lib/gcc/nios2-elf/4.1.2/../../../../nios2-elf/lib\libc.a(lib_a-fwalk.o)
 .data          0x0305ad3c        0x0 c:/altera/10.0/nios2eds/bin/gnu/h-i686-mingw32/bin/../lib/gcc/nios2-elf/4.1.2/../../../../nios2-elf/lib\libc.a(lib_a-fwrite.o)
 .data          0x0305ad3c      0x400 c:/altera/10.0/nios2eds/bin/gnu/h-i686-mingw32/bin/../lib/gcc/nios2-elf/4.1.2/../../../../nios2-elf/lib\libc.a(lib_a-impure.o)
 .data          0x0305b13c        0x0 c:/altera/10.0/nios2eds/bin/gnu/h-i686-mingw32/bin/../lib/gcc/nios2-elf/4.1.2/../../../../nios2-elf/lib\libc.a(lib_a-int_errno.o)
 .data          0x0305b13c        0x0 c:/altera/10.0/nios2eds/bin/gnu/h-i686-mingw32/bin/../lib/gcc/nios2-elf/4.1.2/../../../../nios2-elf/lib\libc.a(lib_a-makebuf.o)
 .data          0x0305b13c        0x0 c:/altera/10.0/nios2eds/bin/gnu/h-i686-mingw32/bin/../lib/gcc/nios2-elf/4.1.2/../../../../nios2-elf/lib\libc.a(lib_a-malloc.o)
 .data          0x0305b13c      0x408 c:/altera/10.0/nios2eds/bin/gnu/h-i686-mingw32/bin/../lib/gcc/nios2-elf/4.1.2/../../../../nios2-elf/lib\libc.a(lib_a-mallocr.o)
                0x0305b13c                __malloc_av_
 .data          0x0305b544        0x0 c:/altera/10.0/nios2eds/bin/gnu/h-i686-mingw32/bin/../lib/gcc/nios2-elf/4.1.2/../../../../nios2-elf/lib\libc.a(lib_a-memcpy.o)
 .data          0x0305b544        0x0 c:/altera/10.0/nios2eds/bin/gnu/h-i686-mingw32/bin/../lib/gcc/nios2-elf/4.1.2/../../../../nios2-elf/lib\libc.a(lib_a-memset.o)
 .data          0x0305b544        0x0 c:/altera/10.0/nios2eds/bin/gnu/h-i686-mingw32/bin/../lib/gcc/nios2-elf/4.1.2/../../../../nios2-elf/lib\libc.a(lib_a-openr.o)
 .data          0x0305b544        0x0 c:/altera/10.0/nios2eds/bin/gnu/h-i686-mingw32/bin/../lib/gcc/nios2-elf/4.1.2/../../../../nios2-elf/lib\libc.a(lib_a-printf.o)
 .data          0x0305b544        0x0 c:/altera/10.0/nios2eds/bin/gnu/h-i686-mingw32/bin/../lib/gcc/nios2-elf/4.1.2/../../../../nios2-elf/lib\libc.a(lib_a-putchar.o)
 .data          0x0305b544        0x0 c:/altera/10.0/nios2eds/bin/gnu/h-i686-mingw32/bin/../lib/gcc/nios2-elf/4.1.2/../../../../nios2-elf/lib\libc.a(lib_a-puts.o)
 .data          0x0305b544        0x0 c:/altera/10.0/nios2eds/bin/gnu/h-i686-mingw32/bin/../lib/gcc/nios2-elf/4.1.2/../../../../nios2-elf/lib\libc.a(lib_a-refill.o)
 .data          0x0305b544        0x0 c:/altera/10.0/nios2eds/bin/gnu/h-i686-mingw32/bin/../lib/gcc/nios2-elf/4.1.2/../../../../nios2-elf/lib\libc.a(lib_a-sbrkr.o)
 .data          0x0305b544        0x0 c:/altera/10.0/nios2eds/bin/gnu/h-i686-mingw32/bin/../lib/gcc/nios2-elf/4.1.2/../../../../nios2-elf/lib\libc.a(lib_a-sprintf.o)
 .data          0x0305b544        0x0 c:/altera/10.0/nios2eds/bin/gnu/h-i686-mingw32/bin/../lib/gcc/nios2-elf/4.1.2/../../../../nios2-elf/lib\libc.a(lib_a-stdio.o)
 .data          0x0305b544        0x0 c:/altera/10.0/nios2eds/bin/gnu/h-i686-mingw32/bin/../lib/gcc/nios2-elf/4.1.2/../../../../nios2-elf/lib\libc.a(lib_a-strcasecmp.o)
 .data          0x0305b544        0x0 c:/altera/10.0/nios2eds/bin/gnu/h-i686-mingw32/bin/../lib/gcc/nios2-elf/4.1.2/../../../../nios2-elf/lib\libc.a(lib_a-strcmp.o)
 .data          0x0305b544        0x0 c:/altera/10.0/nios2eds/bin/gnu/h-i686-mingw32/bin/../lib/gcc/nios2-elf/4.1.2/../../../../nios2-elf/lib\libc.a(lib_a-strcpy.o)
 .data          0x0305b544        0x0 c:/altera/10.0/nios2eds/bin/gnu/h-i686-mingw32/bin/../lib/gcc/nios2-elf/4.1.2/../../../../nios2-elf/lib\libc.a(lib_a-strlen.o)
 .data          0x0305b544        0x0 c:/altera/10.0/nios2eds/bin/gnu/h-i686-mingw32/bin/../lib/gcc/nios2-elf/4.1.2/../../../../nios2-elf/lib\libc.a(lib_a-vfprintf.o)
 .data          0x0305b544        0x0 c:/altera/10.0/nios2eds/bin/gnu/h-i686-mingw32/bin/../lib/gcc/nios2-elf/4.1.2/../../../../nios2-elf/lib\libc.a(lib_a-vsnprintf.o)
 .data          0x0305b544        0x0 c:/altera/10.0/nios2eds/bin/gnu/h-i686-mingw32/bin/../lib/gcc/nios2-elf/4.1.2/../../../../nios2-elf/lib\libc.a(lib_a-writer.o)
 .data          0x0305b544        0x0 c:/altera/10.0/nios2eds/bin/gnu/h-i686-mingw32/bin/../lib/gcc/nios2-elf/4.1.2/../../../../nios2-elf/lib\libc.a(lib_a-wsetup.o)
 .data          0x0305b544        0x0 c:/altera/10.0/nios2eds/bin/gnu/h-i686-mingw32/bin/../lib/gcc/nios2-elf/4.1.2/../../../../nios2-elf/lib\libc.a(lib_a-closer.o)
 .data          0x0305b544        0x0 c:/altera/10.0/nios2eds/bin/gnu/h-i686-mingw32/bin/../lib/gcc/nios2-elf/4.1.2/../../../../nios2-elf/lib\libc.a(lib_a-ctype_.o)
 .data          0x0305b544        0x0 c:/altera/10.0/nios2eds/bin/gnu/h-i686-mingw32/bin/../lib/gcc/nios2-elf/4.1.2/../../../../nios2-elf/lib\libc.a(lib_a-dtoa.o)
 .data          0x0305b544        0x0 c:/altera/10.0/nios2eds/bin/gnu/h-i686-mingw32/bin/../lib/gcc/nios2-elf/4.1.2/../../../../nios2-elf/lib\libc.a(lib_a-flags.o)
 .data          0x0305b544        0x0 c:/altera/10.0/nios2eds/bin/gnu/h-i686-mingw32/bin/../lib/gcc/nios2-elf/4.1.2/../../../../nios2-elf/lib\libc.a(lib_a-fvwrite.o)
 .data          0x0305b544        0x0 c:/altera/10.0/nios2eds/bin/gnu/h-i686-mingw32/bin/../lib/gcc/nios2-elf/4.1.2/../../../../nios2-elf/lib\libc.a(lib_a-isattyr.o)
 .data          0x0305b544        0xc c:/altera/10.0/nios2eds/bin/gnu/h-i686-mingw32/bin/../lib/gcc/nios2-elf/4.1.2/../../../../nios2-elf/lib\libc.a(lib_a-locale.o)
                0x0305b544                __lc_ctype
 .data          0x0305b550        0x0 c:/altera/10.0/nios2eds/bin/gnu/h-i686-mingw32/bin/../lib/gcc/nios2-elf/4.1.2/../../../../nios2-elf/lib\libc.a(lib_a-lseekr.o)
 .data          0x0305b550        0x0 c:/altera/10.0/nios2eds/bin/gnu/h-i686-mingw32/bin/../lib/gcc/nios2-elf/4.1.2/../../../../nios2-elf/lib\libc.a(lib_a-memchr.o)
 .data          0x0305b550        0x0 c:/altera/10.0/nios2eds/bin/gnu/h-i686-mingw32/bin/../lib/gcc/nios2-elf/4.1.2/../../../../nios2-elf/lib\libc.a(lib_a-memmove.o)
 .data          0x0305b550        0x0 c:/altera/10.0/nios2eds/bin/gnu/h-i686-mingw32/bin/../lib/gcc/nios2-elf/4.1.2/../../../../nios2-elf/lib\libc.a(lib_a-mprec.o)
 .data          0x0305b550        0x0 c:/altera/10.0/nios2eds/bin/gnu/h-i686-mingw32/bin/../lib/gcc/nios2-elf/4.1.2/../../../../nios2-elf/lib\libc.a(lib_a-putc.o)
 .data          0x0305b550        0x0 c:/altera/10.0/nios2eds/bin/gnu/h-i686-mingw32/bin/../lib/gcc/nios2-elf/4.1.2/../../../../nios2-elf/lib\libc.a(lib_a-readr.o)
 .data          0x0305b550        0x0 c:/altera/10.0/nios2eds/bin/gnu/h-i686-mingw32/bin/../lib/gcc/nios2-elf/4.1.2/../../../../nios2-elf/lib\libc.a(lib_a-reallocr.o)
 .data          0x0305b550        0x0 c:/altera/10.0/nios2eds/bin/gnu/h-i686-mingw32/bin/../lib/gcc/nios2-elf/4.1.2/../../../../nios2-elf/lib\libc.a(lib_a-s_isinfd.o)
 .data          0x0305b550        0x0 c:/altera/10.0/nios2eds/bin/gnu/h-i686-mingw32/bin/../lib/gcc/nios2-elf/4.1.2/../../../../nios2-elf/lib\libc.a(lib_a-s_isnand.o)
 .data          0x0305b550        0x0 c:/altera/10.0/nios2eds/bin/gnu/h-i686-mingw32/bin/../lib/gcc/nios2-elf/4.1.2/../../../../nios2-elf/lib\libc.a(lib_a-wbuf.o)
 .data          0x0305b550        0x0 c:/altera/10.0/nios2eds/bin/gnu/h-i686-mingw32/bin/../lib/gcc/nios2-elf/4.1.2/../../../../nios2-elf/lib\libc.a(lib_a-callocr.o)
 .data          0x0305b550        0x0 c:/altera/10.0/nios2eds/bin/gnu/h-i686-mingw32/bin/../lib/gcc/nios2-elf/4.1.2\libgcc.a(_addsub_df.o)
 .data          0x0305b550        0x0 c:/altera/10.0/nios2eds/bin/gnu/h-i686-mingw32/bin/../lib/gcc/nios2-elf/4.1.2\libgcc.a(_mul_df.o)
 .data          0x0305b550        0x0 c:/altera/10.0/nios2eds/bin/gnu/h-i686-mingw32/bin/../lib/gcc/nios2-elf/4.1.2\libgcc.a(_eq_df.o)
 .data          0x0305b550        0x0 c:/altera/10.0/nios2eds/bin/gnu/h-i686-mingw32/bin/../lib/gcc/nios2-elf/4.1.2\libgcc.a(_ne_df.o)
 .data          0x0305b550        0x0 c:/altera/10.0/nios2eds/bin/gnu/h-i686-mingw32/bin/../lib/gcc/nios2-elf/4.1.2\libgcc.a(_gt_df.o)
 .data          0x0305b550        0x0 c:/altera/10.0/nios2eds/bin/gnu/h-i686-mingw32/bin/../lib/gcc/nios2-elf/4.1.2\libgcc.a(_ge_df.o)
 .data          0x0305b550        0x0 c:/altera/10.0/nios2eds/bin/gnu/h-i686-mingw32/bin/../lib/gcc/nios2-elf/4.1.2\libgcc.a(_lt_df.o)
 .data          0x0305b550        0x0 c:/altera/10.0/nios2eds/bin/gnu/h-i686-mingw32/bin/../lib/gcc/nios2-elf/4.1.2\libgcc.a(_si_to_df.o)
 .data          0x0305b550        0x0 c:/altera/10.0/nios2eds/bin/gnu/h-i686-mingw32/bin/../lib/gcc/nios2-elf/4.1.2\libgcc.a(_df_to_si.o)
 .data          0x0305b550        0x0 c:/altera/10.0/nios2eds/bin/gnu/h-i686-mingw32/bin/../lib/gcc/nios2-elf/4.1.2\libgcc.a(_usi_to_df.o)
 .data          0x0305b550        0x0 c:/altera/10.0/nios2eds/bin/gnu/h-i686-mingw32/bin/../lib/gcc/nios2-elf/4.1.2\libgcc.a(_fpcmp_parts_df.o)
 .data          0x0305b550        0x0 ../DE2_115_SD_Card_Audio_Player_bsp/\libhal_bsp.a(alt_close.o)
 .data          0x0305b550      0x1a8 ../DE2_115_SD_Card_Audio_Player_bsp/\libhal_bsp.a(alt_dev.o)
                0x0305b578                alt_fd_list
                0x0305b550                alt_dev_null
 .data          0x0305b6f8        0x0 ../DE2_115_SD_Card_Audio_Player_bsp/\libhal_bsp.a(alt_errno.o)
 .data          0x0305b6f8        0x0 ../DE2_115_SD_Card_Audio_Player_bsp/\libhal_bsp.a(alt_fstat.o)
 .data          0x0305b6f8        0x0 ../DE2_115_SD_Card_Audio_Player_bsp/\libhal_bsp.a(alt_irq_register.o)
 .data          0x0305b6f8        0x0 ../DE2_115_SD_Card_Audio_Player_bsp/\libhal_bsp.a(alt_irq_vars.o)
 .data          0x0305b6f8        0x0 ../DE2_115_SD_Card_Audio_Player_bsp/\libhal_bsp.a(alt_isatty.o)
 .data          0x0305b6f8        0x0 ../DE2_115_SD_Card_Audio_Player_bsp/\libhal_bsp.a(alt_load.o)
 .data          0x0305b6f8        0x0 ../DE2_115_SD_Card_Audio_Player_bsp/\libhal_bsp.a(alt_lseek.o)
 .data          0x0305b6f8        0x0 ../DE2_115_SD_Card_Audio_Player_bsp/\libhal_bsp.a(alt_main.o)
 .data          0x0305b6f8        0x0 ../DE2_115_SD_Card_Audio_Player_bsp/\libhal_bsp.a(alt_malloc_lock.o)
 .data          0x0305b6f8        0x0 ../DE2_115_SD_Card_Audio_Player_bsp/\libhal_bsp.a(alt_open.o)
 .data          0x0305b6f8        0x0 ../DE2_115_SD_Card_Audio_Player_bsp/\libhal_bsp.a(alt_read.o)
 .data          0x0305b6f8        0x0 ../DE2_115_SD_Card_Audio_Player_bsp/\libhal_bsp.a(alt_release_fd.o)
 .data          0x0305b6f8        0x0 ../DE2_115_SD_Card_Audio_Player_bsp/\libhal_bsp.a(alt_sbrk.o)
 .data          0x0305b6f8        0x0 ../DE2_115_SD_Card_Audio_Player_bsp/\libhal_bsp.a(alt_tick.o)
 .data          0x0305b6f8        0x0 ../DE2_115_SD_Card_Audio_Player_bsp/\libhal_bsp.a(alt_usleep.o)
 .data          0x0305b6f8        0x0 ../DE2_115_SD_Card_Audio_Player_bsp/\libhal_bsp.a(alt_write.o)
 .data          0x0305b6f8     0x131c ../DE2_115_SD_Card_Audio_Player_bsp/\libhal_bsp.a(alt_sys_init.o)
 .data          0x0305ca14        0x0 ../DE2_115_SD_Card_Audio_Player_bsp/\libhal_bsp.a(altera_avalon_cfi_flash.o)
 .data          0x0305ca14        0x0 ../DE2_115_SD_Card_Audio_Player_bsp/\libhal_bsp.a(altera_avalon_cfi_flash_table.o)
 .data          0x0305ca14        0x0 ../DE2_115_SD_Card_Audio_Player_bsp/\libhal_bsp.a(altera_avalon_jtag_uart_fd.o)
 .data          0x0305ca14        0x0 ../DE2_115_SD_Card_Audio_Player_bsp/\libhal_bsp.a(altera_avalon_jtag_uart_init.o)
 .data          0x0305ca14        0x0 ../DE2_115_SD_Card_Audio_Player_bsp/\libhal_bsp.a(altera_avalon_jtag_uart_ioctl.o)
 .data          0x0305ca14        0x0 ../DE2_115_SD_Card_Audio_Player_bsp/\libhal_bsp.a(altera_avalon_jtag_uart_read.o)
 .data          0x0305ca14        0x0 ../DE2_115_SD_Card_Audio_Player_bsp/\libhal_bsp.a(altera_avalon_jtag_uart_write.o)
 .data          0x0305ca14        0x0 ../DE2_115_SD_Card_Audio_Player_bsp/\libhal_bsp.a(altera_avalon_lcd_16207.o)
 .data          0x0305ca14        0x0 ../DE2_115_SD_Card_Audio_Player_bsp/\libhal_bsp.a(altera_avalon_lcd_16207_fd.o)
 .data          0x0305ca14        0x0 ../DE2_115_SD_Card_Audio_Player_bsp/\libhal_bsp.a(altera_avalon_timer_sc.o)
 .data          0x0305ca14        0x0 ../DE2_115_SD_Card_Audio_Player_bsp/\libhal_bsp.a(altera_avalon_uart_fd.o)
 .data          0x0305ca14        0x0 ../DE2_115_SD_Card_Audio_Player_bsp/\libhal_bsp.a(altera_avalon_uart_init.o)
 .data          0x0305ca14        0x0 ../DE2_115_SD_Card_Audio_Player_bsp/\libhal_bsp.a(altera_avalon_uart_read.o)
 .data          0x0305ca14        0x0 ../DE2_115_SD_Card_Audio_Player_bsp/\libhal_bsp.a(altera_avalon_uart_write.o)
 .data          0x0305ca14        0x0 ../DE2_115_SD_Card_Audio_Player_bsp/\libhal_bsp.a(alt_alarm_start.o)
 .data          0x0305ca14        0x0 ../DE2_115_SD_Card_Audio_Player_bsp/\libhal_bsp.a(alt_busy_sleep.o)
 .data          0x0305ca14        0x0 ../DE2_115_SD_Card_Audio_Player_bsp/\libhal_bsp.a(alt_dcache_flush.o)
 .data          0x0305ca14        0x0 ../DE2_115_SD_Card_Audio_Player_bsp/\libhal_bsp.a(alt_dcache_flush_all.o)
 .data          0x0305ca14        0x0 ../DE2_115_SD_Card_Audio_Player_bsp/\libhal_bsp.a(alt_dev_llist_insert.o)
 .data          0x0305ca14        0x0 ../DE2_115_SD_Card_Audio_Player_bsp/\libhal_bsp.a(alt_do_ctors.o)
 .data          0x0305ca14        0x0 ../DE2_115_SD_Card_Audio_Player_bsp/\libhal_bsp.a(alt_do_dtors.o)
 .data          0x0305ca14        0x0 ../DE2_115_SD_Card_Audio_Player_bsp/\libhal_bsp.a(alt_find_dev.o)
 .data          0x0305ca14        0x0 ../DE2_115_SD_Card_Audio_Player_bsp/\libhal_bsp.a(alt_find_file.o)
 .data          0x0305ca14        0x0 ../DE2_115_SD_Card_Audio_Player_bsp/\libhal_bsp.a(alt_flash_dev.o)
 .data          0x0305ca14        0x0 ../DE2_115_SD_Card_Audio_Player_bsp/\libhal_bsp.a(alt_get_fd.o)
 .data          0x0305ca14        0x0 ../DE2_115_SD_Card_Audio_Player_bsp/\libhal_bsp.a(alt_icache_flush_all.o)
 .data          0x0305ca14        0x0 ../DE2_115_SD_Card_Audio_Player_bsp/\libhal_bsp.a(alt_iic.o)
 .data          0x0305ca14        0x0 ../DE2_115_SD_Card_Audio_Player_bsp/\libhal_bsp.a(alt_iic_isr_register.o)
 .data          0x0305ca14        0x0 ../DE2_115_SD_Card_Audio_Player_bsp/\libhal_bsp.a(alt_io_redirect.o)
 .data          0x0305ca14        0x0 ../DE2_115_SD_Card_Audio_Player_bsp/\libhal_bsp.a(alt_irq_entry.o)
 .data          0x0305ca14        0x0 ../DE2_115_SD_Card_Audio_Player_bsp/\libhal_bsp.a(alt_irq_handler.o)
 .data          0x0305ca14        0x0 ../DE2_115_SD_Card_Audio_Player_bsp/\libhal_bsp.a(altera_nios2_qsys_irq.o)
 .data          0x0305ca14        0x0 ../DE2_115_SD_Card_Audio_Player_bsp/\libhal_bsp.a(altera_avalon_cfi_flash_amd.o)
 .data          0x0305ca14        0x0 ../DE2_115_SD_Card_Audio_Player_bsp/\libhal_bsp.a(altera_avalon_cfi_flash_intel.o)
 .data          0x0305ca14        0x0 ../DE2_115_SD_Card_Audio_Player_bsp/\libhal_bsp.a(alt_exception_entry.o)
 .data          0x0305ca14        0x0 ../DE2_115_SD_Card_Audio_Player_bsp/\libhal_bsp.a(alt_icache_flush.o)
 .data          0x0305ca14        0x0 c:/altera/10.0/nios2eds/bin/gnu/h-i686-mingw32/bin/../lib/gcc/nios2-elf/4.1.2/../../../../nios2-elf/lib\libc.a(lib_a-atexit.o)
 .data          0x0305ca14        0x0 c:/altera/10.0/nios2eds/bin/gnu/h-i686-mingw32/bin/../lib/gcc/nios2-elf/4.1.2/../../../../nios2-elf/lib\libc.a(lib_a-exit.o)
 .data          0x0305ca14        0x0 c:/altera/10.0/nios2eds/bin/gnu/h-i686-mingw32/bin/../lib/gcc/nios2-elf/4.1.2/../../../../nios2-elf/lib\libc.a(lib_a-memcmp.o)
 .data          0x0305ca14        0x0 c:/altera/10.0/nios2eds/bin/gnu/h-i686-mingw32/bin/../lib/gcc/nios2-elf/4.1.2/../../../../nios2-elf/lib\libc.a(lib_a-__atexit.o)
 .data          0x0305ca14        0x0 c:/altera/10.0/nios2eds/bin/gnu/h-i686-mingw32/bin/../lib/gcc/nios2-elf/4.1.2/../../../../nios2-elf/lib\libc.a(lib_a-__call_atexit.o)
 .data          0x0305ca14        0x0 ../DE2_115_SD_Card_Audio_Player_bsp/\libhal_bsp.a(alt_exit.o)
                0x03064a14                _gp = <code 341> ((. + 0x8000))
                0x03064a14                PROVIDE (gp, _gp)
 *(.rwdata .rwdata.*)
 *(.sdata .sdata.* .gnu.linkonce.s.*)
 .sdata         0x0305ca14        0xc obj/default/main.o
 .sdata         0x0305ca20        0x8 c:/altera/10.0/nios2eds/bin/gnu/h-i686-mingw32/bin/../lib/gcc/nios2-elf/4.1.2/../../../../nios2-elf/lib\libc.a(lib_a-impure.o)
                0x0305ca24                _global_impure_ptr
                0x0305ca20                _impure_ptr
 .sdata         0x0305ca28        0x8 c:/altera/10.0/nios2eds/bin/gnu/h-i686-mingw32/bin/../lib/gcc/nios2-elf/4.1.2/../../../../nios2-elf/lib\libc.a(lib_a-mallocr.o)
                0x0305ca2c                __malloc_sbrk_base
                0x0305ca28                __malloc_trim_threshold
 .sdata         0x0305ca30        0x4 c:/altera/10.0/nios2eds/bin/gnu/h-i686-mingw32/bin/../lib/gcc/nios2-elf/4.1.2/../../../../nios2-elf/lib\libc.a(lib_a-ctype_.o)
                0x0305ca30                __ctype_ptr
 .sdata         0x0305ca34        0x8 c:/altera/10.0/nios2eds/bin/gnu/h-i686-mingw32/bin/../lib/gcc/nios2-elf/4.1.2/../../../../nios2-elf/lib\libc.a(lib_a-locale.o)
                0x0305ca34                __mb_cur_max
 .sdata         0x0305ca3c       0x14 ../DE2_115_SD_Card_Audio_Player_bsp/\libhal_bsp.a(alt_dev.o)
                0x0305ca4c                alt_max_fd
                0x0305ca44                alt_dev_list
                0x0305ca3c                alt_fs_list
 .sdata         0x0305ca50        0x4 ../DE2_115_SD_Card_Audio_Player_bsp/\libhal_bsp.a(alt_errno.o)
                0x0305ca50                alt_errno
 .sdata         0x0305ca54        0x8 ../DE2_115_SD_Card_Audio_Player_bsp/\libhal_bsp.a(alt_irq_vars.o)
                0x0305ca54                alt_irq_active
                0x0305ca58                alt_priority_mask
 .sdata         0x0305ca5c        0xc ../DE2_115_SD_Card_Audio_Player_bsp/\libhal_bsp.a(alt_main.o)
                0x0305ca60                alt_argv
                0x0305ca64                alt_envp
                0x0305ca5c                alt_argc
 .sdata         0x0305ca68        0x4 ../DE2_115_SD_Card_Audio_Player_bsp/\libhal_bsp.a(alt_sbrk.o)
 .sdata         0x0305ca6c       0x10 ../DE2_115_SD_Card_Audio_Player_bsp/\libhal_bsp.a(alt_tick.o)
                0x0305ca6c                _alt_tick_rate
                0x0305ca70                _alt_nticks
                0x0305ca74                alt_alarm_list
 .sdata         0x0305ca7c        0x4 ../DE2_115_SD_Card_Audio_Player_bsp/\libhal_bsp.a(altera_avalon_lcd_16207.o)
 .sdata         0x0305ca80        0x8 ../DE2_115_SD_Card_Audio_Player_bsp/\libhal_bsp.a(alt_flash_dev.o)
                0x0305ca80                alt_flash_dev_list
 *(.sdata2 .sdata2.* .gnu.linkonce.s2.*)
                0x0305ca88                . = ALIGN (0x4)
                0x0305ca88                _edata = <code 341> (.)
                0x0305ca88                PROVIDE (edata, <code 341> (.))
                0x0305ca88                PROVIDE (__ram_rwdata_end, <code 341> (.))
                0x0305ca88                PROVIDE (__flash_rwdata_start, LOADADDR (.rwdata))

.bss            0x0305e7e4     0x158c
                0x0305e7e4                __bss_start = <code 341> (.)
                0x0305e7e4                PROVIDE (__sbss_start, <code 341> (.))
                0x0305e7e4                PROVIDE (___sbss_start, <code 341> (.))
 *(.dynsbss)
 *(.sbss .sbss.* .gnu.linkonce.sb.*)
 .sbss          0x0305e7e4       0x14 obj/default/main.o
 .sbss          0x0305e7f8        0x4 obj/default/terasic_lib/LCD.o
 .sbss          0x0305e7fc        0x4 c:/altera/10.0/nios2eds/bin/gnu/h-i686-mingw32/bin/../lib/gcc/nios2-elf/4.1.2/../../../../nios2-elf/lib\libc.a(lib_a-int_errno.o)
                0x0305e7fc                errno
 .sbss          0x0305e800        0xc c:/altera/10.0/nios2eds/bin/gnu/h-i686-mingw32/bin/../lib/gcc/nios2-elf/4.1.2/../../../../nios2-elf/lib\libc.a(lib_a-mallocr.o)
                0x0305e800                __malloc_top_pad
                0x0305e804                __malloc_max_sbrked_mem
                0x0305e808                __malloc_max_total_mem
 .sbss          0x0305e80c        0xc c:/altera/10.0/nios2eds/bin/gnu/h-i686-mingw32/bin/../lib/gcc/nios2-elf/4.1.2/../../../../nios2-elf/lib\libc.a(lib_a-locale.o)
                0x0305e80c                __nlocale_changed
                0x0305e810                __mlocale_changed
                0x0305e814                _PathLocale
 *(.sbss2 .sbss2.* .gnu.linkonce.sb2.*)
 *(.scommon)
                0x0305e818                PROVIDE (__sbss_end, <code 341> (.))
                0x0305e818                PROVIDE (___sbss_end, <code 341> (.))
 *(.dynbss)
 *(.bss .bss.* .gnu.linkonce.b.*)
 .bss           0x0305e818        0x0 ../DE2_115_SD_Card_Audio_Player_bsp//obj/HAL/src/crt0.o
 .bss           0x0305e818     0x1240 obj/default/main.o
 .bss           0x0305fa58        0x0 obj/default/terasic_fat/FatFileSystem.o
 .bss           0x0305fa58        0x0 obj/default/terasic_fat/FatInternal.o
 .bss           0x0305fa58       0x28 obj/default/terasic_lib/AUDIO.o
 .bss           0x0305fa80        0x0 obj/default/terasic_lib/I2C.o
 .bss           0x0305fa80        0x0 obj/default/terasic_lib/LCD.o
 .bss           0x0305fa80        0x0 obj/default/terasic_lib/LED.o
 .bss           0x0305fa80        0x0 obj/default/terasic_lib/SEG7.o
 .bss           0x0305fa80        0x0 obj/default/terasic_lib/WaveLib.o
 .bss           0x0305fa80        0x0 obj/default/terasic_lib/debug.o
 .bss           0x0305fa80        0x0 obj/default/terasic_sdcard/crc16.o
 .bss           0x0305fa80        0x0 obj/default/terasic_sdcard/crc7.o
 .bss           0x0305fa80        0x0 obj/default/terasic_sdcard/sd_hal.o
 .bss           0x0305fa80       0x38 obj/default/terasic_sdcard/sd_lib.o
 .bss           0x0305fab8        0x0 obj/default/terasic_sdcard/sd_protocol.o
 .bss           0x0305fab8        0x0 c:/altera/10.0/nios2eds/bin/gnu/h-i686-mingw32/bin/../lib/gcc/nios2-elf/4.1.2\libgcc.a(_mul_sf.o)
 .bss           0x0305fab8        0x0 c:/altera/10.0/nios2eds/bin/gnu/h-i686-mingw32/bin/../lib/gcc/nios2-elf/4.1.2\libgcc.a(_div_sf.o)
 .bss           0x0305fab8        0x0 c:/altera/10.0/nios2eds/bin/gnu/h-i686-mingw32/bin/../lib/gcc/nios2-elf/4.1.2\libgcc.a(_sf_to_df.o)
 .bss           0x0305fab8        0x0 c:/altera/10.0/nios2eds/bin/gnu/h-i686-mingw32/bin/../lib/gcc/nios2-elf/4.1.2\libgcc.a(_thenan_sf.o)
 .bss           0x0305fab8        0x0 c:/altera/10.0/nios2eds/bin/gnu/h-i686-mingw32/bin/../lib/gcc/nios2-elf/4.1.2\libgcc.a(_usi_to_sf.o)
 .bss           0x0305fab8        0x0 c:/altera/10.0/nios2eds/bin/gnu/h-i686-mingw32/bin/../lib/gcc/nios2-elf/4.1.2\libgcc.a(_div_df.o)
 .bss           0x0305fab8        0x0 c:/altera/10.0/nios2eds/bin/gnu/h-i686-mingw32/bin/../lib/gcc/nios2-elf/4.1.2\libgcc.a(_make_df.o)
 .bss           0x0305fab8        0x0 c:/altera/10.0/nios2eds/bin/gnu/h-i686-mingw32/bin/../lib/gcc/nios2-elf/4.1.2\libgcc.a(_df_to_sf.o)
 .bss           0x0305fab8        0x0 c:/altera/10.0/nios2eds/bin/gnu/h-i686-mingw32/bin/../lib/gcc/nios2-elf/4.1.2\libgcc.a(_thenan_df.o)
 .bss           0x0305fab8        0x0 c:/altera/10.0/nios2eds/bin/gnu/h-i686-mingw32/bin/../lib/gcc/nios2-elf/4.1.2\libgcc.a(lib2-divmod.o)
 .bss           0x0305fab8        0x0 c:/altera/10.0/nios2eds/bin/gnu/h-i686-mingw32/bin/../lib/gcc/nios2-elf/4.1.2\libgcc.a(_muldi3.o)
 .bss           0x0305fab8        0x0 c:/altera/10.0/nios2eds/bin/gnu/h-i686-mingw32/bin/../lib/gcc/nios2-elf/4.1.2\libgcc.a(_clzsi2.o)
 .bss           0x0305fab8        0x0 c:/altera/10.0/nios2eds/bin/gnu/h-i686-mingw32/bin/../lib/gcc/nios2-elf/4.1.2\libgcc.a(_pack_sf.o)
 .bss           0x0305fab8        0x0 c:/altera/10.0/nios2eds/bin/gnu/h-i686-mingw32/bin/../lib/gcc/nios2-elf/4.1.2\libgcc.a(_unpack_sf.o)
 .bss           0x0305fab8        0x0 c:/altera/10.0/nios2eds/bin/gnu/h-i686-mingw32/bin/../lib/gcc/nios2-elf/4.1.2\libgcc.a(_make_sf.o)
 .bss           0x0305fab8        0x0 c:/altera/10.0/nios2eds/bin/gnu/h-i686-mingw32/bin/../lib/gcc/nios2-elf/4.1.2\libgcc.a(_pack_df.o)
 .bss           0x0305fab8        0x0 c:/altera/10.0/nios2eds/bin/gnu/h-i686-mingw32/bin/../lib/gcc/nios2-elf/4.1.2\libgcc.a(_unpack_df.o)
 .bss           0x0305fab8        0x0 c:/altera/10.0/nios2eds/bin/gnu/h-i686-mingw32/bin/../lib/gcc/nios2-elf/4.1.2\libgcc.a(_clz.o)
 .bss           0x0305fab8        0x0 c:/altera/10.0/nios2eds/bin/gnu/h-i686-mingw32/bin/../lib/gcc/nios2-elf/4.1.2/../../../../nios2-elf/lib\libc.a(lib_a-fclose.o)
 .bss           0x0305fab8        0x0 c:/altera/10.0/nios2eds/bin/gnu/h-i686-mingw32/bin/../lib/gcc/nios2-elf/4.1.2/../../../../nios2-elf/lib\libc.a(lib_a-fflush.o)
 .bss           0x0305fab8        0x0 c:/altera/10.0/nios2eds/bin/gnu/h-i686-mingw32/bin/../lib/gcc/nios2-elf/4.1.2/../../../../nios2-elf/lib\libc.a(lib_a-findfp.o)
 .bss           0x0305fab8        0x0 c:/altera/10.0/nios2eds/bin/gnu/h-i686-mingw32/bin/../lib/gcc/nios2-elf/4.1.2/../../../../nios2-elf/lib\libc.a(lib_a-fopen.o)
 .bss           0x0305fab8        0x0 c:/altera/10.0/nios2eds/bin/gnu/h-i686-mingw32/bin/../lib/gcc/nios2-elf/4.1.2/../../../../nios2-elf/lib\libc.a(lib_a-freer.o)
 .bss           0x0305fab8        0x0 c:/altera/10.0/nios2eds/bin/gnu/h-i686-mingw32/bin/../lib/gcc/nios2-elf/4.1.2/../../../../nios2-elf/lib\libc.a(lib_a-fseek.o)
 .bss           0x0305fab8        0x0 c:/altera/10.0/nios2eds/bin/gnu/h-i686-mingw32/bin/../lib/gcc/nios2-elf/4.1.2/../../../../nios2-elf/lib\libc.a(lib_a-fstatr.o)
 .bss           0x0305fab8        0x0 c:/altera/10.0/nios2eds/bin/gnu/h-i686-mingw32/bin/../lib/gcc/nios2-elf/4.1.2/../../../../nios2-elf/lib\libc.a(lib_a-fwalk.o)
 .bss           0x0305fab8        0x0 c:/altera/10.0/nios2eds/bin/gnu/h-i686-mingw32/bin/../lib/gcc/nios2-elf/4.1.2/../../../../nios2-elf/lib\libc.a(lib_a-fwrite.o)
 .bss           0x0305fab8        0x0 c:/altera/10.0/nios2eds/bin/gnu/h-i686-mingw32/bin/../lib/gcc/nios2-elf/4.1.2/../../../../nios2-elf/lib\libc.a(lib_a-impure.o)
 .bss           0x0305fab8        0x0 c:/altera/10.0/nios2eds/bin/gnu/h-i686-mingw32/bin/../lib/gcc/nios2-elf/4.1.2/../../../../nios2-elf/lib\libc.a(lib_a-int_errno.o)
 .bss           0x0305fab8        0x0 c:/altera/10.0/nios2eds/bin/gnu/h-i686-mingw32/bin/../lib/gcc/nios2-elf/4.1.2/../../../../nios2-elf/lib\libc.a(lib_a-makebuf.o)
 .bss           0x0305fab8        0x0 c:/altera/10.0/nios2eds/bin/gnu/h-i686-mingw32/bin/../lib/gcc/nios2-elf/4.1.2/../../../../nios2-elf/lib\libc.a(lib_a-malloc.o)
 .bss           0x0305fab8       0x28 c:/altera/10.0/nios2eds/bin/gnu/h-i686-mingw32/bin/../lib/gcc/nios2-elf/4.1.2/../../../../nios2-elf/lib\libc.a(lib_a-mallocr.o)
                0x0305fab8                __malloc_current_mallinfo
 .bss           0x0305fae0        0x0 c:/altera/10.0/nios2eds/bin/gnu/h-i686-mingw32/bin/../lib/gcc/nios2-elf/4.1.2/../../../../nios2-elf/lib\libc.a(lib_a-memcpy.o)
 .bss           0x0305fae0        0x0 c:/altera/10.0/nios2eds/bin/gnu/h-i686-mingw32/bin/../lib/gcc/nios2-elf/4.1.2/../../../../nios2-elf/lib\libc.a(lib_a-memset.o)
 .bss           0x0305fae0        0x0 c:/altera/10.0/nios2eds/bin/gnu/h-i686-mingw32/bin/../lib/gcc/nios2-elf/4.1.2/../../../../nios2-elf/lib\libc.a(lib_a-openr.o)
 .bss           0x0305fae0        0x0 c:/altera/10.0/nios2eds/bin/gnu/h-i686-mingw32/bin/../lib/gcc/nios2-elf/4.1.2/../../../../nios2-elf/lib\libc.a(lib_a-printf.o)
 .bss           0x0305fae0        0x0 c:/altera/10.0/nios2eds/bin/gnu/h-i686-mingw32/bin/../lib/gcc/nios2-elf/4.1.2/../../../../nios2-elf/lib\libc.a(lib_a-putchar.o)
 .bss           0x0305fae0        0x0 c:/altera/10.0/nios2eds/bin/gnu/h-i686-mingw32/bin/../lib/gcc/nios2-elf/4.1.2/../../../../nios2-elf/lib\libc.a(lib_a-puts.o)
 .bss           0x0305fae0        0x0 c:/altera/10.0/nios2eds/bin/gnu/h-i686-mingw32/bin/../lib/gcc/nios2-elf/4.1.2/../../../../nios2-elf/lib\libc.a(lib_a-refill.o)
 .bss           0x0305fae0        0x0 c:/altera/10.0/nios2eds/bin/gnu/h-i686-mingw32/bin/../lib/gcc/nios2-elf/4.1.2/../../../../nios2-elf/lib\libc.a(lib_a-sbrkr.o)
 .bss           0x0305fae0        0x0 c:/altera/10.0/nios2eds/bin/gnu/h-i686-mingw32/bin/../lib/gcc/nios2-elf/4.1.2/../../../../nios2-elf/lib\libc.a(lib_a-sprintf.o)
 .bss           0x0305fae0        0x0 c:/altera/10.0/nios2eds/bin/gnu/h-i686-mingw32/bin/../lib/gcc/nios2-elf/4.1.2/../../../../nios2-elf/lib\libc.a(lib_a-stdio.o)
 .bss           0x0305fae0        0x0 c:/altera/10.0/nios2eds/bin/gnu/h-i686-mingw32/bin/../lib/gcc/nios2-elf/4.1.2/../../../../nios2-elf/lib\libc.a(lib_a-strcasecmp.o)
 .bss           0x0305fae0        0x0 c:/altera/10.0/nios2eds/bin/gnu/h-i686-mingw32/bin/../lib/gcc/nios2-elf/4.1.2/../../../../nios2-elf/lib\libc.a(lib_a-strcmp.o)
 .bss           0x0305fae0        0x0 c:/altera/10.0/nios2eds/bin/gnu/h-i686-mingw32/bin/../lib/gcc/nios2-elf/4.1.2/../../../../nios2-elf/lib\libc.a(lib_a-strcpy.o)
 .bss           0x0305fae0        0x0 c:/altera/10.0/nios2eds/bin/gnu/h-i686-mingw32/bin/../lib/gcc/nios2-elf/4.1.2/../../../../nios2-elf/lib\libc.a(lib_a-strlen.o)
 .bss           0x0305fae0        0x0 c:/altera/10.0/nios2eds/bin/gnu/h-i686-mingw32/bin/../lib/gcc/nios2-elf/4.1.2/../../../../nios2-elf/lib\libc.a(lib_a-vfprintf.o)
 .bss           0x0305fae0        0x0 c:/altera/10.0/nios2eds/bin/gnu/h-i686-mingw32/bin/../lib/gcc/nios2-elf/4.1.2/../../../../nios2-elf/lib\libc.a(lib_a-vsnprintf.o)
 .bss           0x0305fae0        0x0 c:/altera/10.0/nios2eds/bin/gnu/h-i686-mingw32/bin/../lib/gcc/nios2-elf/4.1.2/../../../../nios2-elf/lib\libc.a(lib_a-writer.o)
 .bss           0x0305fae0        0x0 c:/altera/10.0/nios2eds/bin/gnu/h-i686-mingw32/bin/../lib/gcc/nios2-elf/4.1.2/../../../../nios2-elf/lib\libc.a(lib_a-wsetup.o)
 .bss           0x0305fae0        0x0 c:/altera/10.0/nios2eds/bin/gnu/h-i686-mingw32/bin/../lib/gcc/nios2-elf/4.1.2/../../../../nios2-elf/lib\libc.a(lib_a-closer.o)
 .bss           0x0305fae0        0x0 c:/altera/10.0/nios2eds/bin/gnu/h-i686-mingw32/bin/../lib/gcc/nios2-elf/4.1.2/../../../../nios2-elf/lib\libc.a(lib_a-ctype_.o)
 .bss           0x0305fae0        0x0 c:/altera/10.0/nios2eds/bin/gnu/h-i686-mingw32/bin/../lib/gcc/nios2-elf/4.1.2/../../../../nios2-elf/lib\libc.a(lib_a-dtoa.o)
 .bss           0x0305fae0        0x0 c:/altera/10.0/nios2eds/bin/gnu/h-i686-mingw32/bin/../lib/gcc/nios2-elf/4.1.2/../../../../nios2-elf/lib\libc.a(lib_a-flags.o)
 .bss           0x0305fae0        0x0 c:/altera/10.0/nios2eds/bin/gnu/h-i686-mingw32/bin/../lib/gcc/nios2-elf/4.1.2/../../../../nios2-elf/lib\libc.a(lib_a-fvwrite.o)
 .bss           0x0305fae0        0x0 c:/altera/10.0/nios2eds/bin/gnu/h-i686-mingw32/bin/../lib/gcc/nios2-elf/4.1.2/../../../../nios2-elf/lib\libc.a(lib_a-isattyr.o)
 .bss           0x0305fae0        0x0 c:/altera/10.0/nios2eds/bin/gnu/h-i686-mingw32/bin/../lib/gcc/nios2-elf/4.1.2/../../../../nios2-elf/lib\libc.a(lib_a-locale.o)
 .bss           0x0305fae0        0x0 c:/altera/10.0/nios2eds/bin/gnu/h-i686-mingw32/bin/../lib/gcc/nios2-elf/4.1.2/../../../../nios2-elf/lib\libc.a(lib_a-lseekr.o)
 .bss           0x0305fae0        0x0 c:/altera/10.0/nios2eds/bin/gnu/h-i686-mingw32/bin/../lib/gcc/nios2-elf/4.1.2/../../../../nios2-elf/lib\libc.a(lib_a-memchr.o)
 .bss           0x0305fae0        0x0 c:/altera/10.0/nios2eds/bin/gnu/h-i686-mingw32/bin/../lib/gcc/nios2-elf/4.1.2/../../../../nios2-elf/lib\libc.a(lib_a-memmove.o)
 .bss           0x0305fae0        0x0 c:/altera/10.0/nios2eds/bin/gnu/h-i686-mingw32/bin/../lib/gcc/nios2-elf/4.1.2/../../../../nios2-elf/lib\libc.a(lib_a-mprec.o)
 .bss           0x0305fae0        0x0 c:/altera/10.0/nios2eds/bin/gnu/h-i686-mingw32/bin/../lib/gcc/nios2-elf/4.1.2/../../../../nios2-elf/lib\libc.a(lib_a-putc.o)
 .bss           0x0305fae0        0x0 c:/altera/10.0/nios2eds/bin/gnu/h-i686-mingw32/bin/../lib/gcc/nios2-elf/4.1.2/../../../../nios2-elf/lib\libc.a(lib_a-readr.o)
 .bss           0x0305fae0        0x0 c:/altera/10.0/nios2eds/bin/gnu/h-i686-mingw32/bin/../lib/gcc/nios2-elf/4.1.2/../../../../nios2-elf/lib\libc.a(lib_a-reallocr.o)
 .bss           0x0305fae0        0x0 c:/altera/10.0/nios2eds/bin/gnu/h-i686-mingw32/bin/../lib/gcc/nios2-elf/4.1.2/../../../../nios2-elf/lib\libc.a(lib_a-s_isinfd.o)
 .bss           0x0305fae0        0x0 c:/altera/10.0/nios2eds/bin/gnu/h-i686-mingw32/bin/../lib/gcc/nios2-elf/4.1.2/../../../../nios2-elf/lib\libc.a(lib_a-s_isnand.o)
 .bss           0x0305fae0        0x0 c:/altera/10.0/nios2eds/bin/gnu/h-i686-mingw32/bin/../lib/gcc/nios2-elf/4.1.2/../../../../nios2-elf/lib\libc.a(lib_a-wbuf.o)
 .bss           0x0305fae0        0x0 c:/altera/10.0/nios2eds/bin/gnu/h-i686-mingw32/bin/../lib/gcc/nios2-elf/4.1.2/../../../../nios2-elf/lib\libc.a(lib_a-callocr.o)
 .bss           0x0305fae0        0x0 c:/altera/10.0/nios2eds/bin/gnu/h-i686-mingw32/bin/../lib/gcc/nios2-elf/4.1.2\libgcc.a(_addsub_df.o)
 .bss           0x0305fae0        0x0 c:/altera/10.0/nios2eds/bin/gnu/h-i686-mingw32/bin/../lib/gcc/nios2-elf/4.1.2\libgcc.a(_mul_df.o)
 .bss           0x0305fae0        0x0 c:/altera/10.0/nios2eds/bin/gnu/h-i686-mingw32/bin/../lib/gcc/nios2-elf/4.1.2\libgcc.a(_eq_df.o)
 .bss           0x0305fae0        0x0 c:/altera/10.0/nios2eds/bin/gnu/h-i686-mingw32/bin/../lib/gcc/nios2-elf/4.1.2\libgcc.a(_ne_df.o)
 .bss           0x0305fae0        0x0 c:/altera/10.0/nios2eds/bin/gnu/h-i686-mingw32/bin/../lib/gcc/nios2-elf/4.1.2\libgcc.a(_gt_df.o)
 .bss           0x0305fae0        0x0 c:/altera/10.0/nios2eds/bin/gnu/h-i686-mingw32/bin/../lib/gcc/nios2-elf/4.1.2\libgcc.a(_ge_df.o)
 .bss           0x0305fae0        0x0 c:/altera/10.0/nios2eds/bin/gnu/h-i686-mingw32/bin/../lib/gcc/nios2-elf/4.1.2\libgcc.a(_lt_df.o)
 .bss           0x0305fae0        0x0 c:/altera/10.0/nios2eds/bin/gnu/h-i686-mingw32/bin/../lib/gcc/nios2-elf/4.1.2\libgcc.a(_si_to_df.o)
 .bss           0x0305fae0        0x0 c:/altera/10.0/nios2eds/bin/gnu/h-i686-mingw32/bin/../lib/gcc/nios2-elf/4.1.2\libgcc.a(_df_to_si.o)
 .bss           0x0305fae0        0x0 c:/altera/10.0/nios2eds/bin/gnu/h-i686-mingw32/bin/../lib/gcc/nios2-elf/4.1.2\libgcc.a(_usi_to_df.o)
 .bss           0x0305fae0        0x0 c:/altera/10.0/nios2eds/bin/gnu/h-i686-mingw32/bin/../lib/gcc/nios2-elf/4.1.2\libgcc.a(_fpcmp_parts_df.o)
 .bss           0x0305fae0        0x0 ../DE2_115_SD_Card_Audio_Player_bsp/\libhal_bsp.a(alt_close.o)
 .bss           0x0305fae0        0x0 ../DE2_115_SD_Card_Audio_Player_bsp/\libhal_bsp.a(alt_dev.o)
 .bss           0x0305fae0        0x0 ../DE2_115_SD_Card_Audio_Player_bsp/\libhal_bsp.a(alt_errno.o)
 .bss           0x0305fae0        0x0 ../DE2_115_SD_Card_Audio_Player_bsp/\libhal_bsp.a(alt_fstat.o)
 .bss           0x0305fae0        0x0 ../DE2_115_SD_Card_Audio_Player_bsp/\libhal_bsp.a(alt_irq_register.o)
 .bss           0x0305fae0        0x0 ../DE2_115_SD_Card_Audio_Player_bsp/\libhal_bsp.a(alt_irq_vars.o)
 .bss           0x0305fae0        0x0 ../DE2_115_SD_Card_Audio_Player_bsp/\libhal_bsp.a(alt_isatty.o)
 .bss           0x0305fae0        0x0 ../DE2_115_SD_Card_Audio_Player_bsp/\libhal_bsp.a(alt_load.o)
 .bss           0x0305fae0        0x0 ../DE2_115_SD_Card_Audio_Player_bsp/\libhal_bsp.a(alt_lseek.o)
 .bss           0x0305fae0        0x0 ../DE2_115_SD_Card_Audio_Player_bsp/\libhal_bsp.a(alt_main.o)
 .bss           0x0305fae0        0x0 ../DE2_115_SD_Card_Audio_Player_bsp/\libhal_bsp.a(alt_malloc_lock.o)
 .bss           0x0305fae0        0x0 ../DE2_115_SD_Card_Audio_Player_bsp/\libhal_bsp.a(alt_open.o)
 .bss           0x0305fae0        0x0 ../DE2_115_SD_Card_Audio_Player_bsp/\libhal_bsp.a(alt_read.o)
 .bss           0x0305fae0        0x0 ../DE2_115_SD_Card_Audio_Player_bsp/\libhal_bsp.a(alt_release_fd.o)
 .bss           0x0305fae0        0x0 ../DE2_115_SD_Card_Audio_Player_bsp/\libhal_bsp.a(alt_sbrk.o)
 .bss           0x0305fae0        0x0 ../DE2_115_SD_Card_Audio_Player_bsp/\libhal_bsp.a(alt_tick.o)
 .bss           0x0305fae0        0x0 ../DE2_115_SD_Card_Audio_Player_bsp/\libhal_bsp.a(alt_usleep.o)
 .bss           0x0305fae0        0x0 ../DE2_115_SD_Card_Audio_Player_bsp/\libhal_bsp.a(alt_write.o)
 .bss           0x0305fae0        0x0 ../DE2_115_SD_Card_Audio_Player_bsp/\libhal_bsp.a(alt_sys_init.o)
 .bss           0x0305fae0        0x0 ../DE2_115_SD_Card_Audio_Player_bsp/\libhal_bsp.a(altera_avalon_cfi_flash.o)